Archive member included to satisfy reference by file (symbol)

C:/PROGRA~1/Path/GCC-AR~1/bin/../lib/gcc/arm-none-eabi/14.2.1/thumb/v7e-m+fp/hard\libm.a(libm_a-wf_fmod.o)
                              CMakeFiles/Dust_HeroRobotChassis.elf.dir/Interaction/app_gimbal.cpp.obj (fmodf)
C:/PROGRA~1/Path/GCC-AR~1/bin/../lib/gcc/arm-none-eabi/14.2.1/thumb/v7e-m+fp/hard\libm.a(libm_a-wf_sqrt.o)
                              CMakeFiles/Dust_HeroRobotChassis.elf.dir/Device/dvc_motor_dji.cpp.obj (sqrtf)
C:/PROGRA~1/Path/GCC-AR~1/bin/../lib/gcc/arm-none-eabi/14.2.1/thumb/v7e-m+fp/hard\libm.a(libm_a-sf_sin.o)
                              CMakeFiles/Dust_HeroRobotChassis.elf.dir/Algorithm/alg_math.cpp.obj (sinf)
C:/PROGRA~1/Path/GCC-AR~1/bin/../lib/gcc/arm-none-eabi/14.2.1/thumb/v7e-m+fp/hard\libm.a(libm_a-ef_sqrt.o)
                              C:/PROGRA~1/Path/GCC-AR~1/bin/../lib/gcc/arm-none-eabi/14.2.1/thumb/v7e-m+fp/hard\libm.a(libm_a-wf_sqrt.o) (__ieee754_sqrtf)
C:/PROGRA~1/Path/GCC-AR~1/bin/../lib/gcc/arm-none-eabi/14.2.1/thumb/v7e-m+fp/hard\libm.a(libm_a-kf_cos.o)
                              C:/PROGRA~1/Path/GCC-AR~1/bin/../lib/gcc/arm-none-eabi/14.2.1/thumb/v7e-m+fp/hard\libm.a(libm_a-sf_sin.o) (__kernel_cosf)
C:/PROGRA~1/Path/GCC-AR~1/bin/../lib/gcc/arm-none-eabi/14.2.1/thumb/v7e-m+fp/hard\libm.a(libm_a-kf_sin.o)
                              C:/PROGRA~1/Path/GCC-AR~1/bin/../lib/gcc/arm-none-eabi/14.2.1/thumb/v7e-m+fp/hard\libm.a(libm_a-sf_sin.o) (__kernel_sinf)
C:/PROGRA~1/Path/GCC-AR~1/bin/../lib/gcc/arm-none-eabi/14.2.1/thumb/v7e-m+fp/hard\libm.a(libm_a-ef_fmod.o)
                              C:/PROGRA~1/Path/GCC-AR~1/bin/../lib/gcc/arm-none-eabi/14.2.1/thumb/v7e-m+fp/hard\libm.a(libm_a-wf_fmod.o) (__ieee754_fmodf)
C:/PROGRA~1/Path/GCC-AR~1/bin/../lib/gcc/arm-none-eabi/14.2.1/thumb/v7e-m+fp/hard\libm.a(libm_a-ef_rem_pio2.o)
                              C:/PROGRA~1/Path/GCC-AR~1/bin/../lib/gcc/arm-none-eabi/14.2.1/thumb/v7e-m+fp/hard\libm.a(libm_a-sf_sin.o) (__ieee754_rem_pio2f)
C:/PROGRA~1/Path/GCC-AR~1/bin/../lib/gcc/arm-none-eabi/14.2.1/thumb/v7e-m+fp/hard\libm.a(libm_a-sf_fabs.o)
                              C:/PROGRA~1/Path/GCC-AR~1/bin/../lib/gcc/arm-none-eabi/14.2.1/thumb/v7e-m+fp/hard\libm.a(libm_a-ef_rem_pio2.o) (fabsf)
C:/PROGRA~1/Path/GCC-AR~1/bin/../lib/gcc/arm-none-eabi/14.2.1/thumb/v7e-m+fp/hard\libm.a(libm_a-kf_rem_pio2.o)
                              C:/PROGRA~1/Path/GCC-AR~1/bin/../lib/gcc/arm-none-eabi/14.2.1/thumb/v7e-m+fp/hard\libm.a(libm_a-ef_rem_pio2.o) (__kernel_rem_pio2f)
C:/PROGRA~1/Path/GCC-AR~1/bin/../lib/gcc/arm-none-eabi/14.2.1/thumb/v7e-m+fp/hard\libm.a(libm_a-sf_scalbn.o)
                              C:/PROGRA~1/Path/GCC-AR~1/bin/../lib/gcc/arm-none-eabi/14.2.1/thumb/v7e-m+fp/hard\libm.a(libm_a-kf_rem_pio2.o) (scalbnf)
C:/PROGRA~1/Path/GCC-AR~1/bin/../lib/gcc/arm-none-eabi/14.2.1/thumb/v7e-m+fp/hard\libm.a(libm_a-sf_floor.o)
                              C:/PROGRA~1/Path/GCC-AR~1/bin/../lib/gcc/arm-none-eabi/14.2.1/thumb/v7e-m+fp/hard\libm.a(libm_a-kf_rem_pio2.o) (floorf)
C:/PROGRA~1/Path/GCC-AR~1/bin/../lib/gcc/arm-none-eabi/14.2.1/thumb/v7e-m+fp/hard\libgcc.a(_aeabi_uldivmod.o)
                              CMakeFiles/Dust_HeroRobotChassis.elf.dir/Drivers/STM32F4xx_HAL_Driver/Src/stm32f4xx_hal_rcc.c.obj (__aeabi_uldivmod)
C:/PROGRA~1/Path/GCC-AR~1/bin/../lib/gcc/arm-none-eabi/14.2.1/thumb/v7e-m+fp/hard\libgcc.a(_udivmoddi4.o)
                              C:/PROGRA~1/Path/GCC-AR~1/bin/../lib/gcc/arm-none-eabi/14.2.1/thumb/v7e-m+fp/hard\libgcc.a(_aeabi_uldivmod.o) (__udivmoddi4)
C:/PROGRA~1/Path/GCC-AR~1/bin/../lib/gcc/arm-none-eabi/14.2.1/thumb/v7e-m+fp/hard\libgcc.a(unwind-arm.o)
                              CMakeFiles/Dust_HeroRobotChassis.elf.dir/Communication/bsp_can.cpp.obj (__aeabi_unwind_cpp_pr0)
C:/PROGRA~1/Path/GCC-AR~1/bin/../lib/gcc/arm-none-eabi/14.2.1/thumb/v7e-m+fp/hard\libgcc.a(libunwind.o)
                              C:/PROGRA~1/Path/GCC-AR~1/bin/../lib/gcc/arm-none-eabi/14.2.1/thumb/v7e-m+fp/hard\libgcc.a(unwind-arm.o) (restore_core_regs)
C:/PROGRA~1/Path/GCC-AR~1/bin/../lib/gcc/arm-none-eabi/14.2.1/thumb/v7e-m+fp/hard\libgcc.a(pr-support.o)
                              C:/PROGRA~1/Path/GCC-AR~1/bin/../lib/gcc/arm-none-eabi/14.2.1/thumb/v7e-m+fp/hard\libgcc.a(unwind-arm.o) (__gnu_unwind_execute)
C:/PROGRA~1/Path/GCC-AR~1/bin/../lib/gcc/arm-none-eabi/14.2.1/thumb/v7e-m+fp/hard\libgcc.a(_dvmd_tls.o)
                              C:/PROGRA~1/Path/GCC-AR~1/bin/../lib/gcc/arm-none-eabi/14.2.1/thumb/v7e-m+fp/hard\libgcc.a(_aeabi_uldivmod.o) (__aeabi_ldiv0)
C:/PROGRA~1/Path/GCC-AR~1/bin/../lib/gcc/arm-none-eabi/14.2.1/thumb/v7e-m+fp/hard\libg.a(libc_a-abort.o)
                              C:/PROGRA~1/Path/GCC-AR~1/bin/../lib/gcc/arm-none-eabi/14.2.1/thumb/v7e-m+fp/hard\libgcc.a(unwind-arm.o) (abort)
C:/PROGRA~1/Path/GCC-AR~1/bin/../lib/gcc/arm-none-eabi/14.2.1/thumb/v7e-m+fp/hard\libg.a(libc_a-exit.o)
[...]
Memory Configuration

Name             Origin             Length             Attributes
CCMRAM           0x10000000         0x00010000         xrw
RAM              0x20000000         0x00030000         xrw
FLASH            0x08000000         0x00200000         xr
*default*        0x00000000         0xffffffff

Linker script and memory map

LOAD C:/PROGRA~1/Path/GCC-AR~1/bin/../lib/gcc/arm-none-eabi/14.2.1/thumb/v7e-m+fp/hard/crti.o
LOAD C:/PROGRA~1/Path/GCC-AR~1/bin/../lib/gcc/arm-none-eabi/14.2.1/thumb/v7e-m+fp/hard/crtbegin.o
LOAD C:/PROGRA~1/Path/GCC-AR~1/bin/../lib/gcc/arm-none-eabi/14.2.1/thumb/v7e-m+fp/hard/crt0.o
LOAD CMakeFiles/Dust_HeroRobotChassis.elf.dir/Algorithm/alg_math.cpp.obj
LOAD CMakeFiles/Dust_HeroRobotChassis.elf.dir/Algorithm/alg_pid.cpp.obj
LOAD CMakeFiles/Dust_HeroRobotChassis.elf.dir/Communication/bsp_can.cpp.obj
LOAD CMakeFiles/Dust_HeroRobotChassis.elf.dir/Communication/dvc_MCU_comm.cpp.obj
LOAD CMakeFiles/Dust_HeroRobotChassis.elf.dir/Core/Src/can.c.obj
LOAD CMakeFiles/Dust_HeroRobotChassis.elf.dir/Core/Src/dma.c.obj
LOAD CMakeFiles/Dust_HeroRobotChassis.elf.dir/Core/Src/freertos.c.obj
LOAD CMakeFiles/Dust_HeroRobotChassis.elf.dir/Core/Src/gpio.c.obj
LOAD CMakeFiles/Dust_HeroRobotChassis.elf.dir/Core/Src/main.c.obj
LOAD CMakeFiles/Dust_HeroRobotChassis.elf.dir/Core/Src/spi.c.obj
LOAD CMakeFiles/Dust_HeroRobotChassis.elf.dir/Core/Src/stm32f4xx_hal_msp.c.obj
LOAD CMakeFiles/Dust_HeroRobotChassis.elf.dir/Core/Src/stm32f4xx_hal_timebase_tim.c.obj
LOAD CMakeFiles/Dust_HeroRobotChassis.elf.dir/Core/Src/stm32f4xx_it.c.obj
LOAD CMakeFiles/Dust_HeroRobotChassis.elf.dir/Core/Src/syscalls.c.obj
LOAD CMakeFiles/Dust_HeroRobotChassis.elf.dir/Core/Src/sysmem.c.obj
LOAD CMakeFiles/Dust_HeroRobotChassis.elf.dir/Core/Src/system_stm32f4xx.c.obj
LOAD CMakeFiles/Dust_HeroRobotChassis.elf.dir/Core/startup_stm32f427iihx.s.obj
LOAD CMakeFiles/Dust_HeroRobotChassis.elf.dir/Device/dvc_motor_cm.cpp.obj
LOAD CMakeFiles/Dust_HeroRobotChassis.elf.dir/Device/dvc_motor_dji.cpp.obj
LOAD CMakeFiles/Dust_HeroRobotChassis.elf.dir/Device/supercap.cpp.obj
LOAD CMakeFiles/Dust_HeroRobotChassis.elf.dir/Drivers/STM32F4xx_HAL_Driver/Src/stm32f4xx_hal.c.obj
LOAD CMakeFiles/Dust_HeroRobotChassis.elf.dir/Drivers/STM32F4xx_HAL_Driver/Src/stm32f4xx_hal_can.c.obj
LOAD CMakeFiles/Dust_HeroRobotChassis.elf.dir/Drivers/STM32F4xx_HAL_Driver/Src/stm32f4xx_hal_cortex.c.obj
LOAD CMakeFiles/Dust_HeroRobotChassis.elf.dir/Drivers/STM32F4xx_HAL_Driver/Src/stm32f4xx_hal_dma.c.obj
LOAD CMakeFiles/Dust_HeroRobotChassis.elf.dir/Drivers/STM32F4xx_HAL_Driver/Src/stm32f4xx_hal_dma_ex.c.obj
LOAD CMakeFiles/Dust_HeroRobotChassis.elf.dir/Drivers/STM32F4xx_HAL_Driver/Src/stm32f4xx_hal_exti.c.obj
LOAD CMakeFiles/Dust_HeroRobotChassis.elf.dir/Drivers/STM32F4xx_HAL_Driver/Src/stm32f4xx_hal_flash.c.obj
LOAD CMakeFiles/Dust_HeroRobotChassis.elf.dir/Drivers/STM32F4xx_HAL_Driver/Src/stm32f4xx_hal_flash_ex.c.obj
LOAD CMakeFiles/Dust_HeroRobotChassis.elf.dir/Drivers/STM32F4xx_HAL_Driver/Src/stm32f4xx_hal_flash_ramfunc.c.obj
LOAD CMakeFiles/Dust_HeroRobotChassis.elf.dir/Drivers/STM32F4xx_HAL_Driver/Src/stm32f4xx_hal_gpio.c.obj
LOAD CMakeFiles/Dust_HeroRobotChassis.elf.dir/Drivers/STM32F4xx_HAL_Driver/Src/stm32f4xx_hal_pwr.c.obj
LOAD CMakeFiles/Dust_HeroRobotChassis.elf.dir/Drivers/STM32F4xx_HAL_Driver/Src/stm32f4xx_hal_pwr_ex.c.obj
LOAD CMakeFiles/Dust_HeroRobotChassis.elf.dir/Drivers/STM32F4xx_HAL_Driver/Src/stm32f4xx_hal_rcc.c.obj
LOAD CMakeFiles/Dust_HeroRobotChassis.elf.dir/Drivers/STM32F4xx_HAL_Driver/Src/stm32f4xx_hal_rcc_ex.c.obj
LOAD CMakeFiles/Dust_HeroRobotChassis.elf.dir/Drivers/STM32F4xx_HAL_Driver/Src/stm32f4xx_hal_spi.c.obj
LOAD CMakeFiles/Dust_HeroRobotChassis.elf.dir/Drivers/STM32F4xx_HAL_Driver/Src/stm32f4xx_hal_tim.c.obj
LOAD CMakeFiles/Dust_HeroRobotChassis.elf.dir/Drivers/STM32F4xx_HAL_Driver/Src/stm32f4xx_hal_tim_ex.c.obj
LOAD CMakeFiles/Dust_HeroRobotChassis.elf.dir/Interaction/Init.cpp.obj
LOAD CMakeFiles/Dust_HeroRobotChassis.elf.dir/Interaction/Robot.cpp.obj
LOAD CMakeFiles/Dust_HeroRobotChassis.elf.dir/Interaction/app_chassis.cpp.obj
LOAD CMakeFiles/Dust_HeroRobotChassis.elf.dir/Interaction/app_gimbal.cpp.obj
LOAD CMakeFiles/Dust_HeroRobotChassis.elf.dir/Middlewares/Third_Party/FreeRTOS/Source/CMSIS_RTOS_V2/cmsis_os2.c.obj
LOAD CMakeFiles/Dust_HeroRobotChassis.elf.dir/Middlewares/Third_Party/FreeRTOS/Source/croutine.c.obj
LOAD CMakeFiles/Dust_HeroRobotChassis.elf.dir/Middlewares/Third_Party/FreeRTOS/Source/event_groups.c.obj
LOAD CMakeFiles/Dust_HeroRobotChassis.elf.dir/Middlewares/Third_Party/FreeRTOS/Source/list.c.obj
LOAD CMakeFiles/Dust_HeroRobotChassis.elf.dir/Middlewares/Third_Party/FreeRTOS/Source/portable/GCC/ARM_CM4F/port.c.obj
LOAD CMakeFiles/Dust_HeroRobotChassis.elf.dir/Middlewares/Third_Party/FreeRTOS/Source/portable/MemMang/heap_4.c.obj
LOAD CMakeFiles/Dust_HeroRobotChassis.elf.dir/Middlewares/Third_Party/FreeRTOS/Source/queue.c.obj
LOAD CMakeFiles/Dust_HeroRobotChassis.elf.dir/Middlewares/Third_Party/FreeRTOS/Source/stream_buffer.c.obj
LOAD CMakeFiles/Dust_HeroRobotChassis.elf.dir/Middlewares/Third_Party/FreeRTOS/Source/tasks.c.obj
LOAD CMakeFiles/Dust_HeroRobotChassis.elf.dir/Middlewares/Third_Party/FreeRTOS/Source/timers.c.obj
LOAD C:/PROGRA~1/Path/GCC-AR~1/bin/../lib/gcc/arm-none-eabi/14.2.1/thumb/v7e-m+fp/hard\libstdc++.a
LOAD C:/PROGRA~1/Path/GCC-AR~1/bin/../lib/gcc/arm-none-eabi/14.2.1/thumb/v7e-m+fp/hard\libm.a
START GROUP
LOAD C:/PROGRA~1/Path/GCC-AR~1/bin/../lib/gcc/arm-none-eabi/14.2.1/thumb/v7e-m+fp/hard\libgcc.a
LOAD C:/PROGRA~1/Path/GCC-AR~1/bin/../lib/gcc/arm-none-eabi/14.2.1/thumb/v7e-m+fp/hard\libg.a
LOAD C:/PROGRA~1/Path/GCC-AR~1/bin/../lib/gcc/arm-none-eabi/14.2.1/thumb/v7e-m+fp/hard\libc.a
END GROUP
LOAD C:/PROGRA~1/Path/GCC-AR~1/bin/../lib/gcc/arm-none-eabi/14.2.1/thumb/v7e-m+fp/hard/crtend.o
LOAD C:/PROGRA~1/Path/GCC-AR~1/bin/../lib/gcc/arm-none-eabi/14.2.1/thumb/v7e-m+fp/hard/crtn.o
                0x20030000                        _estack = (ORIGIN (RAM) + LENGTH (RAM))
                0x00000200                        _Min_Heap_Size = 0x200
                0x00000400                        _Min_Stack_Size = 0x400

.isr_vector     0x08000000      0x1ac
                0x08000000                        . = ALIGN (0x4)
 *(.isr_vector)
 .isr_vector    0x08000000      0x1ac CMakeFiles/Dust_HeroRobotChassis.elf.dir/Core/startup_stm32f427iihx.s.obj
                0x08000000                g_pfnVectors
                0x080001ac                        . = ALIGN (0x4)

.text           0x080001b0     0x43b4
                0x080001b0                        . = ALIGN (0x4)
 *(.text)
 .text          0x080001b0       0x30 C:/PROGRA~1/Path/GCC-AR~1/bin/../lib/gcc/arm-none-eabi/14.2.1/thumb/v7e-m+fp/hard\libgcc.a(_aeabi_uldivmod.o)
                0x080001b0                __aeabi_uldivmod
 .text          0x080001e0        0x4 C:/PROGRA~1/Path/GCC-AR~1/bin/../lib/gcc/arm-none-eabi/14.2.1/thumb/v7e-m+fp/hard\libgcc.a(_dvmd_tls.o)
                0x080001e0                __aeabi_idiv0
                0x080001e0                __aeabi_ldiv0
 .text          0x080001e4      0x134 C:/PROGRA~1/Path/GCC-AR~1/bin/../lib/gcc/arm-none-eabi/14.2.1/thumb/v7e-m+fp/hard\libg.a(libc_a-memcpy.o)
                0x080001e4                memcpy
 *(.text*)
 .text.deregister_tm_clones
                0x08000318       0x1c C:/PROGRA~1/Path/GCC-AR~1/bin/../lib/gcc/arm-none-eabi/14.2.1/thumb/v7e-m+fp/hard/crtbegin.o
 .text.register_tm_clones
                0x08000334       0x24 C:/PROGRA~1/Path/GCC-AR~1/bin/../lib/gcc/arm-none-eabi/14.2.1/thumb/v7e-m+fp/hard/crtbegin.o
 .text.__do_global_dtors_aux
                0x08000358       0x28 C:/PROGRA~1/Path/GCC-AR~1/bin/../lib/gcc/arm-none-eabi/14.2.1/thumb/v7e-m+fp/hard/crtbegin.o
 .text.frame_dummy
                0x08000380       0x24 C:/PROGRA~1/Path/GCC-AR~1/bin/../lib/gcc/arm-none-eabi/14.2.1/thumb/v7e-m+fp/hard/crtbegin.o
 .text.MX_CAN1_Init
                0x080003a4       0x40 CMakeFiles/Dust_HeroRobotChassis.elf.dir/Core/Src/can.c.obj
                0x080003a4                MX_CAN1_Init
 .text.MX_CAN2_Init
                0x080003e4       0x40 CMakeFiles/Dust_HeroRobotChassis.elf.dir/Core/Src/can.c.obj
                0x080003e4                MX_CAN2_Init
 .text.HAL_CAN_MspInit
                0x08000424      0x104 CMakeFiles/Dust_HeroRobotChassis.elf.dir/Core/Src/can.c.obj
                0x08000424                HAL_CAN_MspInit
 .text.MX_DMA_Init
                0x08000528       0x34 CMakeFiles/Dust_HeroRobotChassis.elf.dir/Core/Src/dma.c.obj
                0x08000528                MX_DMA_Init
 .text.StartDefaultTask
                0x0800055c        0xa CMakeFiles/Dust_HeroRobotChassis.elf.dir/Core/Src/freertos.c.obj
                0x0800055c                StartDefaultTask
 *fill*         0x08000566        0x2 
 .text.MX_FREERTOS_Init
                0x08000568       0x20 CMakeFiles/Dust_HeroRobotChassis.elf.dir/Core/Src/freertos.c.obj
                0x08000568                MX_FREERTOS_Init
 .text.MX_GPIO_Init
                0x08000588       0xa8 CMakeFiles/Dust_HeroRobotChassis.elf.dir/Core/Src/gpio.c.obj
                0x08000588                MX_GPIO_Init
 .text.HAL_TIM_PeriodElapsedCallback
                0x08000630       0x18 CMakeFiles/Dust_HeroRobotChassis.elf.dir/Core/Src/main.c.obj
                0x08000630                HAL_TIM_PeriodElapsedCallback
 .text.Error_Handler
                0x08000648        0x4 CMakeFiles/Dust_HeroRobotChassis.elf.dir/Core/Src/main.c.obj
                0x08000648                Error_Handler
 .text.SystemClock_Config
                0x0800064c       0xa4 CMakeFiles/Dust_HeroRobotChassis.elf.dir/Core/Src/main.c.obj
                0x0800064c                SystemClock_Config
 .text.main     0x080006f0       0x2c CMakeFiles/Dust_HeroRobotChassis.elf.dir/Core/Src/main.c.obj
                0x080006f0                main
 .text.MX_SPI2_Init
                0x0800071c       0x48 CMakeFiles/Dust_HeroRobotChassis.elf.dir/Core/Src/spi.c.obj
                0x0800071c                MX_SPI2_Init
 .text.HAL_SPI_MspInit
                0x08000764       0xf4 CMakeFiles/Dust_HeroRobotChassis.elf.dir/Core/Src/spi.c.obj
                0x08000764                HAL_SPI_MspInit
 .text.HAL_MspInit
                0x08000858       0x44 CMakeFiles/Dust_HeroRobotChassis.elf.dir/Core/Src/stm32f4xx_hal_msp.c.obj
                0x08000858                HAL_MspInit
 .text.HAL_InitTick
                0x0800089c       0xa4 CMakeFiles/Dust_HeroRobotChassis.elf.dir/Core/Src/stm32f4xx_hal_timebase_tim.c.obj
                0x0800089c                HAL_InitTick
 .text.NMI_Handler
                0x08000940        0x2 CMakeFiles/Dust_HeroRobotChassis.elf.dir/Core/Src/stm32f4xx_it.c.obj
                0x08000940                NMI_Handler
 .text.HardFault_Handler
                0x08000942        0x2 CMakeFiles/Dust_HeroRobotChassis.elf.dir/Core/Src/stm32f4xx_it.c.obj
                0x08000942                HardFault_Handler
 .text.MemManage_Handler
                0x08000944        0x2 CMakeFiles/Dust_HeroRobotChassis.elf.dir/Core/Src/stm32f4xx_it.c.obj
                0x08000944                MemManage_Handler
 .text.BusFault_Handler
                0x08000946        0x2 CMakeFiles/Dust_HeroRobotChassis.elf.dir/Core/Src/stm32f4xx_it.c.obj
                0x08000946                BusFault_Handler
 .text.UsageFault_Handler
                0x08000948        0x2 CMakeFiles/Dust_HeroRobotChassis.elf.dir/Core/Src/stm32f4xx_it.c.obj
                0x08000948                UsageFault_Handler
 .text.DebugMon_Handler
                0x0800094a        0x2 CMakeFiles/Dust_HeroRobotChassis.elf.dir/Core/Src/stm32f4xx_it.c.obj
                0x0800094a                DebugMon_Handler
 .text.DMA1_Stream3_IRQHandler
                0x0800094c       0x10 CMakeFiles/Dust_HeroRobotChassis.elf.dir/Core/Src/stm32f4xx_it.c.obj
                0x0800094c                DMA1_Stream3_IRQHandler
 .text.SPI2_IRQHandler
                0x0800095c       0x10 CMakeFiles/Dust_HeroRobotChassis.elf.dir/Core/Src/stm32f4xx_it.c.obj
                0x0800095c                SPI2_IRQHandler
 .text.TIM8_TRG_COM_TIM14_IRQHandler
                0x0800096c       0x10 CMakeFiles/Dust_HeroRobotChassis.elf.dir/Core/Src/stm32f4xx_it.c.obj
                0x0800096c                TIM8_TRG_COM_TIM14_IRQHandler
 .text._sbrk    0x0800097c       0x48 CMakeFiles/Dust_HeroRobotChassis.elf.dir/Core/Src/sysmem.c.obj
                0x0800097c                _sbrk
 .text.SystemInit
                0x080009c4       0x14 CMakeFiles/Dust_HeroRobotChassis.elf.dir/Core/Src/system_stm32f4xx.c.obj
                0x080009c4                SystemInit
 .text.Reset_Handler
                0x080009d8       0x50 CMakeFiles/Dust_HeroRobotChassis.elf.dir/Core/startup_stm32f427iihx.s.obj
                0x080009d8                Reset_Handler
 .text.Default_Handler
                0x08000a28        0x2 CMakeFiles/Dust_HeroRobotChassis.elf.dir/Core/startup_stm32f427iihx.s.obj
                0x08000a28                RTC_Alarm_IRQHandler
                0x08000a28                HASH_RNG_IRQHandler
                0x08000a28                EXTI2_IRQHandler
                0x08000a28                TIM8_CC_IRQHandler
                0x08000a28                UART8_IRQHandler
                0x08000a28                SPI4_IRQHandler
                0x08000a28                TIM1_CC_IRQHandler
                0x08000a28                DMA2_Stream5_IRQHandler
                0x08000a28                DMA1_Stream5_IRQHandler
                0x08000a28                PVD_IRQHandler
                0x08000a28                SDIO_IRQHandler
                0x08000a28                TAMP_STAMP_IRQHandler
                0x08000a28                CAN2_RX1_IRQHandler
                0x08000a28                EXTI3_IRQHandler
                0x08000a28                TIM1_UP_TIM10_IRQHandler
                0x08000a28                TIM8_UP_TIM13_IRQHandler
                0x08000a28                I2C3_ER_IRQHandler
                0x08000a28                EXTI0_IRQHandler
                0x08000a28                I2C2_EV_IRQHandler
                0x08000a28                DMA1_Stream2_IRQHandler
                0x08000a28                CAN1_RX0_IRQHandler
                0x08000a28                FPU_IRQHandler
                0x08000a28                OTG_HS_WKUP_IRQHandler
                0x08000a28                CAN2_SCE_IRQHandler
                0x08000a28                DMA2_Stream2_IRQHandler
                0x08000a28                SPI1_IRQHandler
                0x08000a28                TIM6_DAC_IRQHandler
                0x08000a28                TIM1_BRK_TIM9_IRQHandler
                0x08000a28                DCMI_IRQHandler
                0x08000a28                CAN2_RX0_IRQHandler
                0x08000a28                DMA2_Stream3_IRQHandler
                0x08000a28                USART6_IRQHandler
                0x08000a28                USART3_IRQHandler
                0x08000a28                CAN1_RX1_IRQHandler
                0x08000a28                UART5_IRQHandler
                0x08000a28                DMA2_Stream0_IRQHandler
                0x08000a28                TIM4_IRQHandler
                0x08000a28                I2C1_EV_IRQHandler
                0x08000a28                DMA1_Stream6_IRQHandler
                0x08000a28                DMA1_Stream1_IRQHandler
                0x08000a28                UART4_IRQHandler
                0x08000a28                TIM3_IRQHandler
                0x08000a28                RCC_IRQHandler
                0x08000a28                TIM8_BRK_TIM12_IRQHandler
                0x08000a28                Default_Handler
                0x08000a28                EXTI15_10_IRQHandler
                0x08000a28                ADC_IRQHandler
                0x08000a28                DMA1_Stream7_IRQHandler
                0x08000a28                SPI5_IRQHandler
                0x08000a28                TIM7_IRQHandler
                0x08000a28                CAN2_TX_IRQHandler
                0x08000a28                TIM5_IRQHandler
                0x08000a28                DMA2_Stream7_IRQHandler
                0x08000a28                I2C3_EV_IRQHandler
                0x08000a28                EXTI9_5_IRQHandler
                0x08000a28                RTC_WKUP_IRQHandler
                0x08000a28                ETH_WKUP_IRQHandler
                0x08000a28                OTG_HS_EP1_IN_IRQHandler
                0x08000a28                DMA1_Stream0_IRQHandler
                0x08000a28                CAN1_TX_IRQHandler
                0x08000a28                EXTI4_IRQHandler
                0x08000a28                ETH_IRQHandler
                0x08000a28                OTG_HS_EP1_OUT_IRQHandler
                0x08000a28                WWDG_IRQHandler
                0x08000a28                SPI6_IRQHandler
                0x08000a28                TIM2_IRQHandler
                0x08000a28                OTG_FS_WKUP_IRQHandler
                0x08000a28                TIM1_TRG_COM_TIM11_IRQHandler
                0x08000a28                OTG_HS_IRQHandler
                0x08000a28                DMA2D_IRQHandler
                0x08000a28                EXTI1_IRQHandler
                0x08000a28                UART7_IRQHandler
                0x08000a28                USART2_IRQHandler
                0x08000a28                I2C2_ER_IRQHandler
                0x08000a28                DMA2_Stream1_IRQHandler
                0x08000a28                CAN1_SCE_IRQHandler
                0x08000a28                FLASH_IRQHandler
                0x08000a28                DMA2_Stream4_IRQHandler
                0x08000a28                USART1_IRQHandler
                0x08000a28                OTG_FS_IRQHandler
                0x08000a28                SPI3_IRQHandler
                0x08000a28                DMA1_Stream4_IRQHandler
                0x08000a28                I2C1_ER_IRQHandler
                0x08000a28                FMC_IRQHandler
                0x08000a28                DMA2_Stream6_IRQHandler
                0x08000a28                SAI1_IRQHandler
 *fill*         0x08000a2a        0x2 
 .text.HAL_Init
                0x08000a2c       0x34 CMakeFiles/Dust_HeroRobotChassis.elf.dir/Drivers/STM32F4xx_HAL_Driver/Src/stm32f4xx_hal.c.obj
                0x08000a2c                HAL_Init
 .text.HAL_IncTick
                0x08000a60       0x18 CMakeFiles/Dust_HeroRobotChassis.elf.dir/Drivers/STM32F4xx_HAL_Driver/Src/stm32f4xx_hal.c.obj
                0x08000a60                HAL_IncTick
 .text.HAL_GetTick
                0x08000a78        0xc CMakeFiles/Dust_HeroRobotChassis.elf.dir/Drivers/STM32F4xx_HAL_Driver/Src/stm32f4xx_hal.c.obj
                0x08000a78                HAL_GetTick
 .text.HAL_CAN_Init
                0x08000a84      0x14c CMakeFiles/Dust_HeroRobotChassis.elf.dir/Drivers/STM32F4xx_HAL_Driver/Src/stm32f4xx_hal_can.c.obj
                0x08000a84                HAL_CAN_Init
 .text.__NVIC_EnableIRQ
                0x08000bd0       0x1c CMakeFiles/Dust_HeroRobotChassis.elf.dir/Drivers/STM32F4xx_HAL_Driver/Src/stm32f4xx_hal_cortex.c.obj
 .text.__NVIC_SetPriority
                0x08000bec       0x28 CMakeFiles/Dust_HeroRobotChassis.elf.dir/Drivers/STM32F4xx_HAL_Driver/Src/stm32f4xx_hal_cortex.c.obj
 .text.NVIC_EncodePriority
                0x08000c14       0x3e CMakeFiles/Dust_HeroRobotChassis.elf.dir/Drivers/STM32F4xx_HAL_Driver/Src/stm32f4xx_hal_cortex.c.obj
 *fill*         0x08000c52        0x2 
 .text.HAL_NVIC_SetPriorityGrouping
                0x08000c54       0x24 CMakeFiles/Dust_HeroRobotChassis.elf.dir/Drivers/STM32F4xx_HAL_Driver/Src/stm32f4xx_hal_cortex.c.obj
                0x08000c54                HAL_NVIC_SetPriorityGrouping
 .text.HAL_NVIC_SetPriority
                0x08000c78       0x20 CMakeFiles/Dust_HeroRobotChassis.elf.dir/Drivers/STM32F4xx_HAL_Driver/Src/stm32f4xx_hal_cortex.c.obj
                0x08000c78                HAL_NVIC_SetPriority
 .text.HAL_NVIC_EnableIRQ
                0x08000c98        0x8 CMakeFiles/Dust_HeroRobotChassis.elf.dir/Drivers/STM32F4xx_HAL_Driver/Src/stm32f4xx_hal_cortex.c.obj
                0x08000c98                HAL_NVIC_EnableIRQ
 .text.DMA_CalcBaseAndBitshift
                0x08000ca0       0x3c CMakeFiles/Dust_HeroRobotChassis.elf.dir/Drivers/STM32F4xx_HAL_Driver/Src/stm32f4xx_hal_dma.c.obj
 .text.DMA_CheckFifoParam
                0x08000cdc       0x8e CMakeFiles/Dust_HeroRobotChassis.elf.dir/Drivers/STM32F4xx_HAL_Driver/Src/stm32f4xx_hal_dma.c.obj
 *fill*         0x08000d6a        0x2 
 .text.HAL_DMA_Init
                0x08000d6c       0xcc CMakeFiles/Dust_HeroRobotChassis.elf.dir/Drivers/STM32F4xx_HAL_Driver/Src/stm32f4xx_hal_dma.c.obj
                0x08000d6c                HAL_DMA_Init
 .text.HAL_DMA_Abort_IT
                0x08000e38       0x24 CMakeFiles/Dust_HeroRobotChassis.elf.dir/Drivers/STM32F4xx_HAL_Driver/Src/stm32f4xx_hal_dma.c.obj
                0x08000e38                HAL_DMA_Abort_IT
 .text.HAL_DMA_IRQHandler
                0x08000e5c      0x1dc CMakeFiles/Dust_HeroRobotChassis.elf.dir/Drivers/STM32F4xx_HAL_Driver/Src/stm32f4xx_hal_dma.c.obj
                0x08000e5c                HAL_DMA_IRQHandler
 .text.HAL_GPIO_Init
                0x08001038      0x208 CMakeFiles/Dust_HeroRobotChassis.elf.dir/Drivers/STM32F4xx_HAL_Driver/Src/stm32f4xx_hal_gpio.c.obj
                0x08001038                HAL_GPIO_Init
 .text.HAL_GPIO_WritePin
                0x08001240        0xc CMakeFiles/Dust_HeroRobotChassis.elf.dir/Drivers/STM32F4xx_HAL_Driver/Src/stm32f4xx_hal_gpio.c.obj
                0x08001240                HAL_GPIO_WritePin
 .text.HAL_RCC_OscConfig
                0x0800124c      0x3f8 CMakeFiles/Dust_HeroRobotChassis.elf.dir/Drivers/STM32F4xx_HAL_Driver/Src/stm32f4xx_hal_rcc.c.obj
                0x0800124c                HAL_RCC_OscConfig
 .text.HAL_RCC_GetSysClockFreq
                0x08001644       0xa8 CMakeFiles/Dust_HeroRobotChassis.elf.dir/Drivers/STM32F4xx_HAL_Driver/Src/stm32f4xx_hal_rcc.c.obj
                0x08001644                HAL_RCC_GetSysClockFreq
 .text.HAL_RCC_ClockConfig
                0x080016ec      0x160 CMakeFiles/Dust_HeroRobotChassis.elf.dir/Drivers/STM32F4xx_HAL_Driver/Src/stm32f4xx_hal_rcc.c.obj
                0x080016ec                HAL_RCC_ClockConfig
 .text.HAL_RCC_GetHCLKFreq
                0x0800184c        0xc CMakeFiles/Dust_HeroRobotChassis.elf.dir/Drivers/STM32F4xx_HAL_Driver/Src/stm32f4xx_hal_rcc.c.obj
                0x0800184c                HAL_RCC_GetHCLKFreq
 .text.HAL_RCC_GetPCLK1Freq
                0x08001858       0x20 CMakeFiles/Dust_HeroRobotChassis.elf.dir/Drivers/STM32F4xx_HAL_Driver/Src/stm32f4xx_hal_rcc.c.obj
                0x08001858                HAL_RCC_GetPCLK1Freq
 .text.HAL_RCC_GetClockConfig
                0x08001878       0x3c CMakeFiles/Dust_HeroRobotChassis.elf.dir/Drivers/STM32F4xx_HAL_Driver/Src/stm32f4xx_hal_rcc.c.obj
                0x08001878                HAL_RCC_GetClockConfig
 .text.HAL_SPI_Init
                0x080018b4       0xbe CMakeFiles/Dust_HeroRobotChassis.elf.dir/Drivers/STM32F4xx_HAL_Driver/Src/stm32f4xx_hal_spi.c.obj
                0x080018b4                HAL_SPI_Init
 .text.HAL_SPI_ErrorCallback
                0x08001972        0x2 CMakeFiles/Dust_HeroRobotChassis.elf.dir/Drivers/STM32F4xx_HAL_Driver/Src/stm32f4xx_hal_spi.c.obj
                0x08001972                HAL_SPI_ErrorCallback
 .text.HAL_SPI_IRQHandler
                0x08001974      0x124 CMakeFiles/Dust_HeroRobotChassis.elf.dir/Drivers/STM32F4xx_HAL_Driver/Src/stm32f4xx_hal_spi.c.obj
                0x08001974                HAL_SPI_IRQHandler
 .text.SPI_DMAAbortOnError
                0x08001a98       0x10 CMakeFiles/Dust_HeroRobotChassis.elf.dir/Drivers/STM32F4xx_HAL_Driver/Src/stm32f4xx_hal_spi.c.obj
 .text.HAL_TIM_Base_MspInit
                0x08001aa8        0x2 CMakeFiles/Dust_HeroRobotChassis.elf.dir/Drivers/STM32F4xx_HAL_Driver/Src/stm32f4xx_hal_tim.c.obj
                0x08001aa8                HAL_TIM_Base_MspInit
 *fill*         0x08001aaa        0x2 
 .text.HAL_TIM_Base_Start_IT
                0x08001aac       0x84 CMakeFiles/Dust_HeroRobotChassis.elf.dir/Drivers/STM32F4xx_HAL_Driver/Src/stm32f4xx_hal_tim.c.obj
                0x08001aac                HAL_TIM_Base_Start_IT
 .text.HAL_TIM_OC_DelayElapsedCallback
                0x08001b30        0x2 CMakeFiles/Dust_HeroRobotChassis.elf.dir/Drivers/STM32F4xx_HAL_Driver/Src/stm32f4xx_hal_tim.c.obj
                0x08001b30                HAL_TIM_OC_DelayElapsedCallback
 .text.HAL_TIM_IC_CaptureCallback
                0x08001b32        0x2 CMakeFiles/Dust_HeroRobotChassis.elf.dir/Drivers/STM32F4xx_HAL_Driver/Src/stm32f4xx_hal_tim.c.obj
                0x08001b32                HAL_TIM_IC_CaptureCallback
 .text.HAL_TIM_PWM_PulseFinishedCallback
                0x08001b34        0x2 CMakeFiles/Dust_HeroRobotChassis.elf.dir/Drivers/STM32F4xx_HAL_Driver/Src/stm32f4xx_hal_tim.c.obj
                0x08001b34                HAL_TIM_PWM_PulseFinishedCallback
 .text.HAL_TIM_TriggerCallback
                0x08001b36        0x2 CMakeFiles/Dust_HeroRobotChassis.elf.dir/Drivers/STM32F4xx_HAL_Driver/Src/stm32f4xx_hal_tim.c.obj
                0x08001b36                HAL_TIM_TriggerCallback
 .text.HAL_TIM_IRQHandler
                0x08001b38      0x15e CMakeFiles/Dust_HeroRobotChassis.elf.dir/Drivers/STM32F4xx_HAL_Driver/Src/stm32f4xx_hal_tim.c.obj
                0x08001b38                HAL_TIM_IRQHandler
 *fill*         0x08001c96        0x2 
 .text.TIM_Base_SetConfig
                0x08001c98       0xd0 CMakeFiles/Dust_HeroRobotChassis.elf.dir/Drivers/STM32F4xx_HAL_Driver/Src/stm32f4xx_hal_tim.c.obj
                0x08001c98                TIM_Base_SetConfig
 .text.HAL_TIM_Base_Init
                0x08001d68       0x58 CMakeFiles/Dust_HeroRobotChassis.elf.dir/Drivers/STM32F4xx_HAL_Driver/Src/stm32f4xx_hal_tim.c.obj
                0x08001d68                HAL_TIM_Base_Init
 .text.HAL_TIMEx_CommutCallback
                0x08001dc0        0x2 CMakeFiles/Dust_HeroRobotChassis.elf.dir/Drivers/STM32F4xx_HAL_Driver/Src/stm32f4xx_hal_tim_ex.c.obj
                0x08001dc0                HAL_TIMEx_CommutCallback
 .text.HAL_TIMEx_BreakCallback
                0x08001dc2        0x2 CMakeFiles/Dust_HeroRobotChassis.elf.dir/Drivers/STM32F4xx_HAL_Driver/Src/stm32f4xx_hal_tim_ex.c.obj
                0x08001dc2                HAL_TIMEx_BreakCallback
 .text._ZN7McuCommC2Ev
                0x08001dc4       0x2c CMakeFiles/Dust_HeroRobotChassis.elf.dir/Interaction/Init.cpp.obj
                0x08001dc4                McuComm::McuComm()
                0x08001dc4                McuComm::McuComm()
 .text._ZN3PidC2Ev
                0x08001df0       0x26 CMakeFiles/Dust_HeroRobotChassis.elf.dir/Interaction/Init.cpp.obj
                0x08001df0                Pid::Pid()
                0x08001df0                Pid::Pid()
 *fill*         0x08001e16        0x2 
 .text._ZN12MotorDjiC620C2Ev
                0x08001e18       0x90 CMakeFiles/Dust_HeroRobotChassis.elf.dir/Interaction/Init.cpp.obj
                0x08001e18                MotorDjiC620::MotorDjiC620()
                0x08001e18                MotorDjiC620::MotorDjiC620()
 .text._ZN7ChassisC2Ev
                0x08001ea8       0x38 CMakeFiles/Dust_HeroRobotChassis.elf.dir/Interaction/Init.cpp.obj
                0x08001ea8                Chassis::Chassis()
                0x08001ea8                Chassis::Chassis()
 .text._ZN6GimbalC2Ev
                0x08001ee0       0x8c CMakeFiles/Dust_HeroRobotChassis.elf.dir/Interaction/Init.cpp.obj
                0x08001ee0                Gimbal::Gimbal()
                0x08001ee0                Gimbal::Gimbal()
 .text._ZN8SupercapC2Ev
                0x08001f6c       0x34 CMakeFiles/Dust_HeroRobotChassis.elf.dir/Interaction/Init.cpp.obj
                0x08001f6c                Supercap::Supercap()
                0x08001f6c                Supercap::Supercap()
 .text._ZN5RobotC2Ev
                0x08001fa0       0x3c CMakeFiles/Dust_HeroRobotChassis.elf.dir/Interaction/Init.cpp.obj
                0x08001fa0                Robot::Robot()
                0x08001fa0                Robot::Robot()
 .text._Z41__static_initialization_and_destruction_0v
                0x08001fdc       0x10 CMakeFiles/Dust_HeroRobotChassis.elf.dir/Interaction/Init.cpp.obj
 .text._GLOBAL__sub_I_robot
                0x08001fec        0x8 CMakeFiles/Dust_HeroRobotChassis.elf.dir/Interaction/Init.cpp.obj
 .text.SysTick_Handler
                0x08001ff4       0x18 CMakeFiles/Dust_HeroRobotChassis.elf.dir/Middlewares/Third_Party/FreeRTOS/Source/CMSIS_RTOS_V2/cmsis_os2.c.obj
                0x08001ff4                SysTick_Handler
 .text.osKernelInitialize
                0x0800200c       0x24 CMakeFiles/Dust_HeroRobotChassis.elf.dir/Middlewares/Third_Party/FreeRTOS/Source/CMSIS_RTOS_V2/cmsis_os2.c.obj
                0x0800200c                osKernelInitialize
 .text.osKernelStart
                0x08002030       0x38 CMakeFiles/Dust_HeroRobotChassis.elf.dir/Middlewares/Third_Party/FreeRTOS/Source/CMSIS_RTOS_V2/cmsis_os2.c.obj
                0x08002030                osKernelStart
 .text.osThreadNew
                0x08002068       0xb6 CMakeFiles/Dust_HeroRobotChassis.elf.dir/Middlewares/Third_Party/FreeRTOS/Source/CMSIS_RTOS_V2/cmsis_os2.c.obj
                0x08002068                osThreadNew
 .text.osDelay  0x0800211e       0x1c CMakeFiles/Dust_HeroRobotChassis.elf.dir/Middlewares/Third_Party/FreeRTOS/Source/CMSIS_RTOS_V2/cmsis_os2.c.obj
                0x0800211e                osDelay
 *fill*         0x0800213a        0x2 
 .text.vApplicationGetIdleTaskMemory
                0x0800213c       0x18 CMakeFiles/Dust_HeroRobotChassis.elf.dir/Middlewares/Third_Party/FreeRTOS/Source/CMSIS_RTOS_V2/cmsis_os2.c.obj
                0x0800213c                vApplicationGetIdleTaskMemory
 .text.vApplicationGetTimerTaskMemory
                0x08002154       0x18 CMakeFiles/Dust_HeroRobotChassis.elf.dir/Middlewares/Third_Party/FreeRTOS/Source/CMSIS_RTOS_V2/cmsis_os2.c.obj
                0x08002154                vApplicationGetTimerTaskMemory
 .text.vListInitialise
                0x0800216c       0x16 CMakeFiles/Dust_HeroRobotChassis.elf.dir/Middlewares/Third_Party/FreeRTOS/Source/list.c.obj
                0x0800216c                vListInitialise
 .text.vListInitialiseItem
                0x08002182        0x6 CMakeFiles/Dust_HeroRobotChassis.elf.dir/Middlewares/Third_Party/FreeRTOS/Source/list.c.obj
                0x08002182                vListInitialiseItem
 .text.vListInsertEnd
                0x08002188       0x16 CMakeFiles/Dust_HeroRobotChassis.elf.dir/Middlewares/Third_Party/FreeRTOS/Source/list.c.obj
                0x08002188                vListInsertEnd
 .text.vListInsert
                0x0800219e       0x32 CMakeFiles/Dust_HeroRobotChassis.elf.dir/Middlewares/Third_Party/FreeRTOS/Source/list.c.obj
                0x0800219e                vListInsert
 .text.uxListRemove
                0x080021d0       0x26 CMakeFiles/Dust_HeroRobotChassis.elf.dir/Middlewares/Third_Party/FreeRTOS/Source/list.c.obj
                0x080021d0                uxListRemove
 *fill*         0x080021f6        0x2 
 .text.prvTaskExitError
                0x080021f8       0x40 CMakeFiles/Dust_HeroRobotChassis.elf.dir/Middlewares/Third_Party/FreeRTOS/Source/portable/GCC/ARM_CM4F/port.c.obj
 .text.prvPortStartFirstTask
                0x08002238       0x28 CMakeFiles/Dust_HeroRobotChassis.elf.dir/Middlewares/Third_Party/FreeRTOS/Source/portable/GCC/ARM_CM4F/port.c.obj
 .text.vPortEnableVFP
                0x08002260       0x14 CMakeFiles/Dust_HeroRobotChassis.elf.dir/Middlewares/Third_Party/FreeRTOS/Source/portable/GCC/ARM_CM4F/port.c.obj
 .text.pxPortInitialiseStack
                0x08002274       0x2c CMakeFiles/Dust_HeroRobotChassis.elf.dir/Middlewares/Third_Party/FreeRTOS/Source/portable/GCC/ARM_CM4F/port.c.obj
                0x08002274                pxPortInitialiseStack
 .text.SVC_Handler
                0x080022a0       0x24 CMakeFiles/Dust_HeroRobotChassis.elf.dir/Middlewares/Third_Party/FreeRTOS/Source/portable/GCC/ARM_CM4F/port.c.obj
                0x080022a0                SVC_Handler
 .text.vPortEnterCritical
                0x080022c4       0x44 CMakeFiles/Dust_HeroRobotChassis.elf.dir/Middlewares/Third_Party/FreeRTOS/Source/portable/GCC/ARM_CM4F/port.c.obj
                0x080022c4                vPortEnterCritical
 .text.vPortExitCritical
                0x08002308       0x2c CMakeFiles/Dust_HeroRobotChassis.elf.dir/Middlewares/Third_Party/FreeRTOS/Source/portable/GCC/ARM_CM4F/port.c.obj
                0x08002308                vPortExitCritical
 *fill*         0x08002334        0xc 
 .text.PendSV_Handler
                0x08002340       0x64 CMakeFiles/Dust_HeroRobotChassis.elf.dir/Middlewares/Third_Party/FreeRTOS/Source/portable/GCC/ARM_CM4F/port.c.obj
                0x08002340                PendSV_Handler
 .text.xPortSysTickHandler
                0x080023a4       0x2c CMakeFiles/Dust_HeroRobotChassis.elf.dir/Middlewares/Third_Party/FreeRTOS/Source/portable/GCC/ARM_CM4F/port.c.obj
                0x080023a4                xPortSysTickHandler
 .text.vPortSetupTimerInterrupt
                0x080023d0       0x28 CMakeFiles/Dust_HeroRobotChassis.elf.dir/Middlewares/Third_Party/FreeRTOS/Source/portable/GCC/ARM_CM4F/port.c.obj
                0x080023d0                vPortSetupTimerInterrupt
 .text.xPortStartScheduler
                0x080023f8      0x118 CMakeFiles/Dust_HeroRobotChassis.elf.dir/Middlewares/Third_Party/FreeRTOS/Source/portable/GCC/ARM_CM4F/port.c.obj
                0x080023f8                xPortStartScheduler
 .text.vPortValidateInterruptPriority
                0x08002510       0x5c CMakeFiles/Dust_HeroRobotChassis.elf.dir/Middlewares/Third_Party/FreeRTOS/Source/portable/GCC/ARM_CM4F/port.c.obj
                0x08002510                vPortValidateInterruptPriority
 .text.prvHeapInit
                0x0800256c       0x64 CMakeFiles/Dust_HeroRobotChassis.elf.dir/Middlewares/Third_Party/FreeRTOS/Source/portable/MemMang/heap_4.c.obj
 .text.prvInsertBlockIntoFreeList
                0x080025d0       0x64 CMakeFiles/Dust_HeroRobotChassis.elf.dir/Middlewares/Third_Party/FreeRTOS/Source/portable/MemMang/heap_4.c.obj
 .text.pvPortMalloc
                0x08002634      0x104 CMakeFiles/Dust_HeroRobotChassis.elf.dir/Middlewares/Third_Party/FreeRTOS/Source/portable/MemMang/heap_4.c.obj
                0x08002634                pvPortMalloc
 .text.vPortFree
                0x08002738       0x7c CMakeFiles/Dust_HeroRobotChassis.elf.dir/Middlewares/Third_Party/FreeRTOS/Source/portable/MemMang/heap_4.c.obj
                0x08002738                vPortFree
 .text.prvIsQueueFull
                0x080027b4       0x1e CMakeFiles/Dust_HeroRobotChassis.elf.dir/Middlewares/Third_Party/FreeRTOS/Source/queue.c.obj
 .text.prvIsQueueEmpty
                0x080027d2       0x1a CMakeFiles/Dust_HeroRobotChassis.elf.dir/Middlewares/Third_Party/FreeRTOS/Source/queue.c.obj
 .text.prvCopyDataToQueue
                0x080027ec       0x76 CMakeFiles/Dust_HeroRobotChassis.elf.dir/Middlewares/Third_Party/FreeRTOS/Source/queue.c.obj
 .text.prvCopyDataFromQueue
                0x08002862       0x24 CMakeFiles/Dust_HeroRobotChassis.elf.dir/Middlewares/Third_Party/FreeRTOS/Source/queue.c.obj
 .text.prvUnlockQueue
                0x08002886       0x6e CMakeFiles/Dust_HeroRobotChassis.elf.dir/Middlewares/Third_Party/FreeRTOS/Source/queue.c.obj
 .text.xQueueGenericReset
                0x080028f4       0x84 CMakeFiles/Dust_HeroRobotChassis.elf.dir/Middlewares/Third_Party/FreeRTOS/Source/queue.c.obj
                0x080028f4                xQueueGenericReset
 .text.prvInitialiseNewQueue
                0x08002978       0x22 CMakeFiles/Dust_HeroRobotChassis.elf.dir/Middlewares/Third_Party/FreeRTOS/Source/queue.c.obj
 .text.xQueueGenericCreateStatic
                0x0800299a       0x94 CMakeFiles/Dust_HeroRobotChassis.elf.dir/Middlewares/Third_Party/FreeRTOS/Source/queue.c.obj
                0x0800299a                xQueueGenericCreateStatic
 .text.xQueueGenericSend
                0x08002a2e      0x188 CMakeFiles/Dust_HeroRobotChassis.elf.dir/Middlewares/Third_Party/FreeRTOS/Source/queue.c.obj
                0x08002a2e                xQueueGenericSend
 .text.xQueueGenericSendFromISR
                0x08002bb6       0xce CMakeFiles/Dust_HeroRobotChassis.elf.dir/Middlewares/Third_Party/FreeRTOS/Source/queue.c.obj
                0x08002bb6                xQueueGenericSendFromISR
 .text.xQueueReceive
                0x08002c84      0x15e CMakeFiles/Dust_HeroRobotChassis.elf.dir/Middlewares/Third_Party/FreeRTOS/Source/queue.c.obj
                0x08002c84                xQueueReceive
 *fill*         0x08002de2        0x2 
 .text.vQueueAddToRegistry
                0x08002de4       0x28 CMakeFiles/Dust_HeroRobotChassis.elf.dir/Middlewares/Third_Party/FreeRTOS/Source/queue.c.obj
                0x08002de4                vQueueAddToRegistry
 .text.vQueueWaitForMessageRestricted
                0x08002e0c       0x52 CMakeFiles/Dust_HeroRobotChassis.elf.dir/Middlewares/Third_Party/FreeRTOS/Source/queue.c.obj
                0x08002e0c                vQueueWaitForMessageRestricted
 *fill*         0x08002e5e        0x2 
 .text.prvResetNextTaskUnblockTime
                0x08002e60       0x2c CMakeFiles/Dust_HeroRobotChassis.elf.dir/Middlewares/Third_Party/FreeRTOS/Source/tasks.c.obj
 .text.prvInitialiseNewTask
                0x08002e8c      0x104 CMakeFiles/Dust_HeroRobotChassis.elf.dir/Middlewares/Third_Party/FreeRTOS/Source/tasks.c.obj
 .text.prvInitialiseTaskLists
                0x08002f90       0x68 CMakeFiles/Dust_HeroRobotChassis.elf.dir/Middlewares/Third_Party/FreeRTOS/Source/tasks.c.obj
 .text.prvAddNewTaskToReadyList
                0x08002ff8       0xac CMakeFiles/Dust_HeroRobotChassis.elf.dir/Middlewares/Third_Party/FreeRTOS/Source/tasks.c.obj
 .text.prvDeleteTCB
                0x080030a4       0x40 CMakeFiles/Dust_HeroRobotChassis.elf.dir/Middlewares/Third_Party/FreeRTOS/Source/tasks.c.obj
 .text.prvCheckTasksWaitingTermination
                0x080030e4       0x4c CMakeFiles/Dust_HeroRobotChassis.elf.dir/Middlewares/Third_Party/FreeRTOS/Source/tasks.c.obj
 .text.prvIdleTask
                0x08003130       0x28 CMakeFiles/Dust_HeroRobotChassis.elf.dir/Middlewares/Third_Party/FreeRTOS/Source/tasks.c.obj
 .text.prvAddCurrentTaskToDelayedList
                0x08003158       0x7c CMakeFiles/Dust_HeroRobotChassis.elf.dir/Middlewares/Third_Party/FreeRTOS/Source/tasks.c.obj
 .text.xTaskCreateStatic
                0x080031d4       0x7a CMakeFiles/Dust_HeroRobotChassis.elf.dir/Middlewares/Third_Party/FreeRTOS/Source/tasks.c.obj
                0x080031d4                xTaskCreateStatic
 .text.xTaskCreate
                0x0800324e       0x66 CMakeFiles/Dust_HeroRobotChassis.elf.dir/Middlewares/Third_Party/FreeRTOS/Source/tasks.c.obj
                0x0800324e                xTaskCreate
 .text.vTaskStartScheduler
                0x080032b4       0xac CMakeFiles/Dust_HeroRobotChassis.elf.dir/Middlewares/Third_Party/FreeRTOS/Source/tasks.c.obj
                0x080032b4                vTaskStartScheduler
 .text.vTaskSuspendAll
                0x08003360       0x10 CMakeFiles/Dust_HeroRobotChassis.elf.dir/Middlewares/Third_Party/FreeRTOS/Source/tasks.c.obj
                0x08003360                vTaskSuspendAll
 .text.xTaskGetTickCount
                0x08003370        0xc CMakeFiles/Dust_HeroRobotChassis.elf.dir/Middlewares/Third_Party/FreeRTOS/Source/tasks.c.obj
                0x08003370                xTaskGetTickCount
 .text.xTaskIncrementTick
                0x0800337c      0x118 CMakeFiles/Dust_HeroRobotChassis.elf.dir/Middlewares/Third_Party/FreeRTOS/Source/tasks.c.obj
                0x0800337c                xTaskIncrementTick
 .text.xTaskResumeAll
                0x08003494       0xf8 CMakeFiles/Dust_HeroRobotChassis.elf.dir/Middlewares/Third_Party/FreeRTOS/Source/tasks.c.obj
                0x08003494                xTaskResumeAll
 .text.vTaskDelay
                0x0800358c       0x4c CMakeFiles/Dust_HeroRobotChassis.elf.dir/Middlewares/Third_Party/FreeRTOS/Source/tasks.c.obj
                0x0800358c                vTaskDelay
 .text.vTaskSwitchContext
                0x080035d8       0xa4 CMakeFiles/Dust_HeroRobotChassis.elf.dir/Middlewares/Third_Party/FreeRTOS/Source/tasks.c.obj
                0x080035d8                vTaskSwitchContext
 .text.vTaskPlaceOnEventList
                0x0800367c       0x30 CMakeFiles/Dust_HeroRobotChassis.elf.dir/Middlewares/Third_Party/FreeRTOS/Source/tasks.c.obj
                0x0800367c                vTaskPlaceOnEventList
 .text.vTaskPlaceOnEventListRestricted
                0x080036ac       0x38 CMakeFiles/Dust_HeroRobotChassis.elf.dir/Middlewares/Third_Party/FreeRTOS/Source/tasks.c.obj
                0x080036ac                vTaskPlaceOnEventListRestricted
 .text.xTaskRemoveFromEventList
                0x080036e4       0x8c CMakeFiles/Dust_HeroRobotChassis.elf.dir/Middlewares/Third_Party/FreeRTOS/Source/tasks.c.obj
                0x080036e4                xTaskRemoveFromEventList
 .text.vTaskInternalSetTimeOutState
                0x08003770       0x18 CMakeFiles/Dust_HeroRobotChassis.elf.dir/Middlewares/Third_Party/FreeRTOS/Source/tasks.c.obj
                0x08003770                vTaskInternalSetTimeOutState
 .text.xTaskCheckForTimeOut
                0x08003788       0x88 CMakeFiles/Dust_HeroRobotChassis.elf.dir/Middlewares/Third_Party/FreeRTOS/Source/tasks.c.obj
                0x08003788                xTaskCheckForTimeOut
 .text.vTaskMissedYield
                0x08003810        0xc CMakeFiles/Dust_HeroRobotChassis.elf.dir/Middlewares/Third_Party/FreeRTOS/Source/tasks.c.obj
                0x08003810                vTaskMissedYield
 .text.xTaskGetSchedulerState
                0x0800381c       0x20 CMakeFiles/Dust_HeroRobotChassis.elf.dir/Middlewares/Third_Party/FreeRTOS/Source/tasks.c.obj
                0x0800381c                xTaskGetSchedulerState
 .text.xTaskPriorityDisinherit
                0x0800383c       0x90 CMakeFiles/Dust_HeroRobotChassis.elf.dir/Middlewares/Third_Party/FreeRTOS/Source/tasks.c.obj
                0x0800383c                xTaskPriorityDisinherit
 .text.prvGetNextExpireTime
                0x080038cc       0x20 CMakeFiles/Dust_HeroRobotChassis.elf.dir/Middlewares/Third_Party/FreeRTOS/Source/timers.c.obj
 .text.prvInsertTimerInActiveList
                0x080038ec       0x48 CMakeFiles/Dust_HeroRobotChassis.elf.dir/Middlewares/Third_Party/FreeRTOS/Source/timers.c.obj
 .text.prvCheckForValidListAndQueue
                0x08003934       0x70 CMakeFiles/Dust_HeroRobotChassis.elf.dir/Middlewares/Third_Party/FreeRTOS/Source/timers.c.obj
 .text.xTimerCreateTimerTask
                0x080039a4       0x64 CMakeFiles/Dust_HeroRobotChassis.elf.dir/Middlewares/Third_Party/FreeRTOS/Source/timers.c.obj
                0x080039a4                xTimerCreateTimerTask
 .text.xTimerGenericCommand
                0x08003a08       0x6c CMakeFiles/Dust_HeroRobotChassis.elf.dir/Middlewares/Third_Party/FreeRTOS/Source/timers.c.obj
                0x08003a08                xTimerGenericCommand
 .text.prvSwitchTimerLists
                0x08003a74       0x7c CMakeFiles/Dust_HeroRobotChassis.elf.dir/Middlewares/Third_Party/FreeRTOS/Source/timers.c.obj
 .text.prvSampleTimeNow
                0x08003af0       0x2c CMakeFiles/Dust_HeroRobotChassis.elf.dir/Middlewares/Third_Party/FreeRTOS/Source/timers.c.obj
 .text.prvProcessExpiredTimer
                0x08003b1c       0x6c CMakeFiles/Dust_HeroRobotChassis.elf.dir/Middlewares/Third_Party/FreeRTOS/Source/timers.c.obj
 .text.prvProcessTimerOrBlockTask
                0x08003b88       0x74 CMakeFiles/Dust_HeroRobotChassis.elf.dir/Middlewares/Third_Party/FreeRTOS/Source/timers.c.obj
 .text.prvProcessReceivedCommands
                0x08003bfc      0x10c CMakeFiles/Dust_HeroRobotChassis.elf.dir/Middlewares/Third_Party/FreeRTOS/Source/timers.c.obj
 .text.prvTimerTask
                0x08003d08       0x16 CMakeFiles/Dust_HeroRobotChassis.elf.dir/Middlewares/Third_Party/FreeRTOS/Source/timers.c.obj
 *fill*         0x08003d1e        0x2 
 .text.__udivmoddi4
                0x08003d20      0x2f8 C:/PROGRA~1/Path/GCC-AR~1/bin/../lib/gcc/arm-none-eabi/14.2.1/thumb/v7e-m+fp/hard\libgcc.a(_udivmoddi4.o)
                0x08003d20                __udivmoddi4
 .text.memset   0x08004018       0x9c C:/PROGRA~1/Path/GCC-AR~1/bin/../lib/gcc/arm-none-eabi/14.2.1/thumb/v7e-m+fp/hard\libg.a(libc_a-memset.o)
                0x08004018                memset
 .text._reclaim_reent
                0x080040b4       0x6c C:/PROGRA~1/Path/GCC-AR~1/bin/../lib/gcc/arm-none-eabi/14.2.1/thumb/v7e-m+fp/hard\libg.a(libc_a-reent.o)
                0x080040b4                _reclaim_reent
 .text.__errno  0x08004120        0xc C:/PROGRA~1/Path/GCC-AR~1/bin/../lib/gcc/arm-none-eabi/14.2.1/thumb/v7e-m+fp/hard\libg.a(libc_a-errno.o)
                0x08004120                __errno
 .text.__libc_init_array
                0x0800412c       0x50 C:/PROGRA~1/Path/GCC-AR~1/bin/../lib/gcc/arm-none-eabi/14.2.1/thumb/v7e-m+fp/hard\libg.a(libc_a-init.o)
                0x0800412c                __libc_init_array
 .text.__retarget_lock_acquire_recursive
                0x0800417c        0x4 C:/PROGRA~1/Path/GCC-AR~1/bin/../lib/gcc/arm-none-eabi/14.2.1/thumb/v7e-m+fp/hard\libg.a(libc_a-lock.o)
                0x0800417c                __retarget_lock_acquire_recursive
 .text.__retarget_lock_release_recursive
                0x08004180        0x4 C:/PROGRA~1/Path/GCC-AR~1/bin/../lib/gcc/arm-none-eabi/14.2.1/thumb/v7e-m+fp/hard\libg.a(libc_a-lock.o)
                0x08004180                __retarget_lock_release_recursive
 .text.startup.register_fini
                0x08004184       0x14 C:/PROGRA~1/Path/GCC-AR~1/bin/../lib/gcc/arm-none-eabi/14.2.1/thumb/v7e-m+fp/hard\libg.a(libc_a-__call_atexit.o)
 .text.atexit   0x08004198        0xc C:/PROGRA~1/Path/GCC-AR~1/bin/../lib/gcc/arm-none-eabi/14.2.1/thumb/v7e-m+fp/hard\libg.a(libc_a-atexit.o)
                0x08004198                atexit
 .text._malloc_trim_r
                0x080041a4       0xb8 C:/PROGRA~1/Path/GCC-AR~1/bin/../lib/gcc/arm-none-eabi/14.2.1/thumb/v7e-m+fp/hard\libg.a(libc_a-freer.o)
                0x080041a4                _malloc_trim_r
 .text._free_r  0x0800425c      0x1f0 C:/PROGRA~1/Path/GCC-AR~1/bin/../lib/gcc/arm-none-eabi/14.2.1/thumb/v7e-m+fp/hard\libg.a(libc_a-freer.o)
                0x0800425c                _free_r
 .text.__malloc_lock
                0x0800444c        0xc C:/PROGRA~1/Path/GCC-AR~1/bin/../lib/gcc/arm-none-eabi/14.2.1/thumb/v7e-m+fp/hard\libg.a(libc_a-mlock.o)
                0x0800444c                __malloc_lock
 .text.__malloc_unlock
                0x08004458        0xc C:/PROGRA~1/Path/GCC-AR~1/bin/../lib/gcc/arm-none-eabi/14.2.1/thumb/v7e-m+fp/hard\libg.a(libc_a-mlock.o)
                0x08004458                __malloc_unlock
 .text._sbrk_r  0x08004464       0x24 C:/PROGRA~1/Path/GCC-AR~1/bin/../lib/gcc/arm-none-eabi/14.2.1/thumb/v7e-m+fp/hard\libg.a(libc_a-sbrkr.o)
                0x08004464                _sbrk_r
 .text.__libc_fini_array
                0x08004488       0x28 C:/PROGRA~1/Path/GCC-AR~1/bin/../lib/gcc/arm-none-eabi/14.2.1/thumb/v7e-m+fp/hard\libg.a(libc_a-fini.o)
                0x08004488                __libc_fini_array
 .text.sysconf  0x080044b0       0x1c C:/PROGRA~1/Path/GCC-AR~1/bin/../lib/gcc/arm-none-eabi/14.2.1/thumb/v7e-m+fp/hard\libg.a(libc_a-sysconf.o)
                0x080044b0                sysconf
 .text.__register_exitproc
                0x080044cc       0x80 C:/PROGRA~1/Path/GCC-AR~1/bin/../lib/gcc/arm-none-eabi/14.2.1/thumb/v7e-m+fp/hard\libg.a(libc_a-__atexit.o)
                0x080044cc                __register_exitproc
 *(.glue_7)
 .glue_7        0x0800454c        0x0 linker stubs
 *(.glue_7t)
 .glue_7t       0x0800454c        0x0 linker stubs
 *(.eh_frame)
 .eh_frame      0x0800454c        0x0 C:/PROGRA~1/Path/GCC-AR~1/bin/../lib/gcc/arm-none-eabi/14.2.1/thumb/v7e-m+fp/hard/crtbegin.o
 *(.init)
 .init          0x0800454c        0x4 C:/PROGRA~1/Path/GCC-AR~1/bin/../lib/gcc/arm-none-eabi/14.2.1/thumb/v7e-m+fp/hard/crti.o
                0x0800454c                _init
 .init          0x08004550        0x8 C:/PROGRA~1/Path/GCC-AR~1/bin/../lib/gcc/arm-none-eabi/14.2.1/thumb/v7e-m+fp/hard/crtn.o
 *(.fini)
 .fini          0x08004558        0x4 C:/PROGRA~1/Path/GCC-AR~1/bin/../lib/gcc/arm-none-eabi/14.2.1/thumb/v7e-m+fp/hard/crti.o
                0x08004558                _fini
 .fini          0x0800455c        0x8 C:/PROGRA~1/Path/GCC-AR~1/bin/../lib/gcc/arm-none-eabi/14.2.1/thumb/v7e-m+fp/hard/crtn.o
                0x08004564                        . = ALIGN (0x4)
                0x08004564                        _etext = .

.vfp11_veneer   0x08004564        0x0
 .vfp11_veneer  0x08004564        0x0 linker stubs

.v4_bx          0x08004564        0x0
 .v4_bx         0x08004564        0x0 linker stubs

.iplt           0x08004564        0x0
 .iplt          0x08004564        0x0 C:/PROGRA~1/Path/GCC-AR~1/bin/../lib/gcc/arm-none-eabi/14.2.1/thumb/v7e-m+fp/hard/crtbegin.o

.rodata         0x08004564       0x70
                0x08004564                        . = ALIGN (0x4)
 *(.rodata)
 .rodata        0x08004564        0x8 CMakeFiles/Dust_HeroRobotChassis.elf.dir/Interaction/Init.cpp.obj
 *(.rodata*)
 .rodata.str1.4
                0x0800456c       0x24 CMakeFiles/Dust_HeroRobotChassis.elf.dir/Core/Src/freertos.c.obj
                                  0xc (size before relaxing)
 .rodata.defaultTask_attributes
                0x08004590       0x24 CMakeFiles/Dust_HeroRobotChassis.elf.dir/Core/Src/freertos.c.obj
                0x08004590                defaultTask_attributes
 .rodata.APBPrescTable
                0x080045b4        0x8 CMakeFiles/Dust_HeroRobotChassis.elf.dir/Core/Src/system_stm32f4xx.c.obj
                0x080045b4                APBPrescTable
 .rodata.AHBPrescTable
                0x080045bc       0x10 CMakeFiles/Dust_HeroRobotChassis.elf.dir/Core/Src/system_stm32f4xx.c.obj
                0x080045bc                AHBPrescTable
 .rodata.flagBitshiftOffset.0
                0x080045cc        0x8 CMakeFiles/Dust_HeroRobotChassis.elf.dir/Drivers/STM32F4xx_HAL_Driver/Src/stm32f4xx_hal_dma.c.obj
 .rodata.vTaskStartScheduler.str1.4
                0x080045d4        0x5 CMakeFiles/Dust_HeroRobotChassis.elf.dir/Middlewares/Third_Party/FreeRTOS/Source/tasks.c.obj
 .rodata.prvCheckForValidListAndQueue.str1.4
                0x080045d4        0x5 CMakeFiles/Dust_HeroRobotChassis.elf.dir/Middlewares/Third_Party/FreeRTOS/Source/timers.c.obj
 .rodata.xTimerCreateTimerTask.str1.4
                0x080045d4        0x8 CMakeFiles/Dust_HeroRobotChassis.elf.dir/Middlewares/Third_Party/FreeRTOS/Source/timers.c.obj
                0x080045dc                        . = ALIGN (0x4)

.ARM.extab      0x080045d4        0x0
                0x080045d4                        . = ALIGN (0x4)
 *(.ARM.extab* .gnu.linkonce.armextab.*)
 .ARM.extab.text._ZN7McuCommC2Ev
                0x080045d4        0x0 CMakeFiles/Dust_HeroRobotChassis.elf.dir/Interaction/Init.cpp.obj
 .ARM.extab.text._ZN3PidC2Ev
                0x080045d4        0x0 CMakeFiles/Dust_HeroRobotChassis.elf.dir/Interaction/Init.cpp.obj
 .ARM.extab.text._ZN12MotorDjiC620C2Ev
                0x080045d4        0x0 CMakeFiles/Dust_HeroRobotChassis.elf.dir/Interaction/Init.cpp.obj
 .ARM.extab.text._ZN7ChassisC2Ev
                0x080045d4        0x0 CMakeFiles/Dust_HeroRobotChassis.elf.dir/Interaction/Init.cpp.obj
 .ARM.extab.text._ZN6GimbalC2Ev
                0x080045d4        0x0 CMakeFiles/Dust_HeroRobotChassis.elf.dir/Interaction/Init.cpp.obj
 .ARM.extab.text._ZN8SupercapC2Ev
                0x080045d4        0x0 CMakeFiles/Dust_HeroRobotChassis.elf.dir/Interaction/Init.cpp.obj
 .ARM.extab.text._ZN5RobotC2Ev
                0x080045d4        0x0 CMakeFiles/Dust_HeroRobotChassis.elf.dir/Interaction/Init.cpp.obj
                0x080045d4                        . = ALIGN (0x4)

.ARM            0x080045d4        0x8
                0x080045d4                        . = ALIGN (0x4)
                0x080045d4                        __exidx_start = .
 *(.ARM.exidx*)
 .ARM.exidx     0x080045d4        0x8 C:/PROGRA~1/Path/GCC-AR~1/bin/../lib/gcc/arm-none-eabi/14.2.1/thumb/v7e-m+fp/hard\libg.a(libc_a-memcpy.o)
 .ARM.exidx.text._ZN7McuCommC2Ev
                0x080045dc        0x0 CMakeFiles/Dust_HeroRobotChassis.elf.dir/Interaction/Init.cpp.obj
                                  0x8 (size before relaxing)
 .ARM.exidx.text._ZN3PidC2Ev
                0x080045dc        0x0 CMakeFiles/Dust_HeroRobotChassis.elf.dir/Interaction/Init.cpp.obj
                                  0x8 (size before relaxing)
 .ARM.exidx.text._ZN12MotorDjiC620C2Ev
                0x080045dc        0x0 CMakeFiles/Dust_HeroRobotChassis.elf.dir/Interaction/Init.cpp.obj
                                  0x8 (size before relaxing)
 .ARM.exidx.text._ZN7ChassisC2Ev
                0x080045dc        0x0 CMakeFiles/Dust_HeroRobotChassis.elf.dir/Interaction/Init.cpp.obj
                                  0x8 (size before relaxing)
 .ARM.exidx.text._ZN6GimbalC2Ev
                0x080045dc        0x0 CMakeFiles/Dust_HeroRobotChassis.elf.dir/Interaction/Init.cpp.obj
                                  0x8 (size before relaxing)
 .ARM.exidx.text._ZN8SupercapC2Ev
                0x080045dc        0x0 CMakeFiles/Dust_HeroRobotChassis.elf.dir/Interaction/Init.cpp.obj
                                  0x8 (size before relaxing)
 .ARM.exidx.text._ZN5RobotC2Ev
                0x080045dc        0x0 CMakeFiles/Dust_HeroRobotChassis.elf.dir/Interaction/Init.cpp.obj
                                  0x8 (size before relaxing)
 .ARM.exidx.text._Z41__static_initialization_and_destruction_0v
                0x080045dc        0x0 CMakeFiles/Dust_HeroRobotChassis.elf.dir/Interaction/Init.cpp.obj
                                  0x8 (size before relaxing)
 .ARM.exidx.text._GLOBAL__sub_I_robot
                0x080045dc        0x0 CMakeFiles/Dust_HeroRobotChassis.elf.dir/Interaction/Init.cpp.obj
                                  0x8 (size before relaxing)
 .ARM.exidx.text.__udivmoddi4
                0x080045dc        0x0 C:/PROGRA~1/Path/GCC-AR~1/bin/../lib/gcc/arm-none-eabi/14.2.1/thumb/v7e-m+fp/hard\libgcc.a(_udivmoddi4.o)
                                  0x8 (size before relaxing)
                0x080045dc                        __exidx_end = .
                0x080045dc                        . = ALIGN (0x4)

.preinit_array  0x080045dc        0x0
                0x080045dc                        . = ALIGN (0x4)
                0x080045dc                        PROVIDE (__preinit_array_start = .)
 *(.preinit_array*)
                0x080045dc                        PROVIDE (__preinit_array_end = .)
                0x080045dc                        . = ALIGN (0x4)

.init_array     0x080045dc        0xc
                0x080045dc                        . = ALIGN (0x4)
                0x080045dc                        PROVIDE (__init_array_start = .)
 *(SORT_BY_NAME(.init_array.*))
 .init_array.00000
                0x080045dc        0x4 C:/PROGRA~1/Path/GCC-AR~1/bin/../lib/gcc/arm-none-eabi/14.2.1/thumb/v7e-m+fp/hard\libg.a(libc_a-__call_atexit.o)
 *(.init_array*)
 .init_array    0x080045e0        0x4 C:/PROGRA~1/Path/GCC-AR~1/bin/../lib/gcc/arm-none-eabi/14.2.1/thumb/v7e-m+fp/hard/crtbegin.o
 .init_array    0x080045e4        0x4 CMakeFiles/Dust_HeroRobotChassis.elf.dir/Interaction/Init.cpp.obj
                0x080045e8                        PROVIDE (__init_array_end = .)
                0x080045e8                        . = ALIGN (0x4)

.fini_array     0x080045e8        0x4
                0x080045e8                        . = ALIGN (0x4)
                0x080045e8                        PROVIDE (__fini_array_start = .)
 *(SORT_BY_NAME(.fini_array.*))
 *(.fini_array*)
 .fini_array    0x080045e8        0x4 C:/PROGRA~1/Path/GCC-AR~1/bin/../lib/gcc/arm-none-eabi/14.2.1/thumb/v7e-m+fp/hard/crtbegin.o
                0x080045ec                        PROVIDE (__fini_array_end = .)
                0x080045ec                        . = ALIGN (0x4)
                0x080045ec                        _sidata = LOADADDR (.data)

.rel.dyn        0x080045ec        0x0
 .rel.iplt      0x080045ec        0x0 C:/PROGRA~1/Path/GCC-AR~1/bin/../lib/gcc/arm-none-eabi/14.2.1/thumb/v7e-m+fp/hard/crtbegin.o

.data           0x20000000      0x570 load address 0x080045ec
                0x20000000                        . = ALIGN (0x4)
                0x20000000                        _sdata = .
 *(.data)
 *(.data*)
 .data.SystemCoreClock
                0x20000000        0x4 CMakeFiles/Dust_HeroRobotChassis.elf.dir/Core/Src/system_stm32f4xx.c.obj
                0x20000000                SystemCoreClock
 .data.uwTickFreq
                0x20000004        0x1 CMakeFiles/Dust_HeroRobotChassis.elf.dir/Drivers/STM32F4xx_HAL_Driver/Src/stm32f4xx_hal.c.obj
                0x20000004                uwTickFreq
 *fill*         0x20000005        0x3 
 .data.uwTickPrio
                0x20000008        0x4 CMakeFiles/Dust_HeroRobotChassis.elf.dir/Drivers/STM32F4xx_HAL_Driver/Src/stm32f4xx_hal.c.obj
                0x20000008                uwTickPrio
 .data.uxCriticalNesting
                0x2000000c        0x4 CMakeFiles/Dust_HeroRobotChassis.elf.dir/Middlewares/Third_Party/FreeRTOS/Source/portable/GCC/ARM_CM4F/port.c.obj
 .data._impure_ptr
                0x20000010        0x4 C:/PROGRA~1/Path/GCC-AR~1/bin/../lib/gcc/arm-none-eabi/14.2.1/thumb/v7e-m+fp/hard\libg.a(libc_a-impure.o)
                0x20000010                _impure_ptr
 *fill*         0x20000014        0x4 
 .data._impure_data
                0x20000018      0x140 C:/PROGRA~1/Path/GCC-AR~1/bin/../lib/gcc/arm-none-eabi/14.2.1/thumb/v7e-m+fp/hard\libg.a(libc_a-impure.o)
                0x20000018                _impure_data
 .data.__atexit_recursive_mutex
                0x20000158        0x4 C:/PROGRA~1/Path/GCC-AR~1/bin/../lib/gcc/arm-none-eabi/14.2.1/thumb/v7e-m+fp/hard\libg.a(libc_a-__call_atexit.o)
                0x20000158                __atexit_recursive_mutex
 .data.__malloc_sbrk_base
                0x2000015c        0x4 C:/PROGRA~1/Path/GCC-AR~1/bin/../lib/gcc/arm-none-eabi/14.2.1/thumb/v7e-m+fp/hard\libg.a(libc_a-mallocr.o)
                0x2000015c                __malloc_sbrk_base
 .data.__malloc_trim_threshold
                0x20000160        0x4 C:/PROGRA~1/Path/GCC-AR~1/bin/../lib/gcc/arm-none-eabi/14.2.1/thumb/v7e-m+fp/hard\libg.a(libc_a-mallocr.o)
                0x20000160                __malloc_trim_threshold
 *fill*         0x20000164        0x4 
 .data.__malloc_av_
                0x20000168      0x408 C:/PROGRA~1/Path/GCC-AR~1/bin/../lib/gcc/arm-none-eabi/14.2.1/thumb/v7e-m+fp/hard\libg.a(libc_a-mallocr.o)
                0x20000168                __malloc_av_
 *(.RamFunc)
 *(.RamFunc*)
                0x20000570                        . = ALIGN (0x4)
                0x20000570                        _edata = .
                0x08004b5c                        _siccmram = LOADADDR (.ccmram)

.tm_clone_table
                0x20000570        0x0 load address 0x08004b5c
 .tm_clone_table
                0x20000570        0x0 C:/PROGRA~1/Path/GCC-AR~1/bin/../lib/gcc/arm-none-eabi/14.2.1/thumb/v7e-m+fp/hard/crtbegin.o
 .tm_clone_table
                0x20000570        0x0 C:/PROGRA~1/Path/GCC-AR~1/bin/../lib/gcc/arm-none-eabi/14.2.1/thumb/v7e-m+fp/hard/crtend.o

.igot.plt       0x20000570        0x0 load address 0x08004b5c
 .igot.plt      0x20000570        0x0 C:/PROGRA~1/Path/GCC-AR~1/bin/../lib/gcc/arm-none-eabi/14.2.1/thumb/v7e-m+fp/hard/crtbegin.o

.ccmram         0x10000000        0x0 load address 0x08004b5c
                0x10000000                        . = ALIGN (0x4)
                0x10000000                        _sccmram = .
 *(.ccmram)
 *(.ccmram*)
                0x10000000                        . = ALIGN (0x4)
                0x10000000                        _eccmram = .
                0x10000000                        . = ALIGN (0x4)

.bss            0x20000570     0x56fc
                0x20000570                        _sbss = .
                0x20000570                        __bss_start__ = _sbss
 *(.bss)
 *(.bss*)
 .bss.completed.1
                0x20000570        0x1 C:/PROGRA~1/Path/GCC-AR~1/bin/../lib/gcc/arm-none-eabi/14.2.1/thumb/v7e-m+fp/hard/crtbegin.o
 *fill*         0x20000571        0x3 
 .bss.object.0  0x20000574       0x18 C:/PROGRA~1/Path/GCC-AR~1/bin/../lib/gcc/arm-none-eabi/14.2.1/thumb/v7e-m+fp/hard/crtbegin.o
 .bss.HAL_RCC_CAN1_CLK_ENABLED
                0x2000058c        0x4 CMakeFiles/Dust_HeroRobotChassis.elf.dir/Core/Src/can.c.obj
 .bss.hcan2     0x20000590       0x28 CMakeFiles/Dust_HeroRobotChassis.elf.dir/Core/Src/can.c.obj
                0x20000590                hcan2
 .bss.hcan1     0x200005b8       0x28 CMakeFiles/Dust_HeroRobotChassis.elf.dir/Core/Src/can.c.obj
                0x200005b8                hcan1
 .bss.defaultTaskHandle
                0x200005e0        0x4 CMakeFiles/Dust_HeroRobotChassis.elf.dir/Core/Src/freertos.c.obj
                0x200005e0                defaultTaskHandle
 .bss.hdma_spi2_rx
                0x200005e4       0x60 CMakeFiles/Dust_HeroRobotChassis.elf.dir/Core/Src/spi.c.obj
                0x200005e4                hdma_spi2_rx
 .bss.hspi2     0x20000644       0x58 CMakeFiles/Dust_HeroRobotChassis.elf.dir/Core/Src/spi.c.obj
                0x20000644                hspi2
 .bss.htim14    0x2000069c       0x48 CMakeFiles/Dust_HeroRobotChassis.elf.dir/Core/Src/stm32f4xx_hal_timebase_tim.c.obj
                0x2000069c                htim14
 .bss.__sbrk_heap_end
                0x200006e4        0x4 CMakeFiles/Dust_HeroRobotChassis.elf.dir/Core/Src/sysmem.c.obj
 .bss.uwTick    0x200006e8        0x4 CMakeFiles/Dust_HeroRobotChassis.elf.dir/Drivers/STM32F4xx_HAL_Driver/Src/stm32f4xx_hal.c.obj
                0x200006e8                uwTick
 .bss.robot     0x200006ec      0x6a4 CMakeFiles/Dust_HeroRobotChassis.elf.dir/Interaction/Init.cpp.obj
                0x200006ec                robot
 .bss.Timer_Stack.0
                0x20000d90      0x400 CMakeFiles/Dust_HeroRobotChassis.elf.dir/Middlewares/Third_Party/FreeRTOS/Source/CMSIS_RTOS_V2/cmsis_os2.c.obj
 .bss.Timer_TCB.1
                0x20001190      0x1a0 CMakeFiles/Dust_HeroRobotChassis.elf.dir/Middlewares/Third_Party/FreeRTOS/Source/CMSIS_RTOS_V2/cmsis_os2.c.obj
 .bss.Idle_Stack.2
                0x20001330      0x200 CMakeFiles/Dust_HeroRobotChassis.elf.dir/Middlewares/Third_Party/FreeRTOS/Source/CMSIS_RTOS_V2/cmsis_os2.c.obj
 .bss.Idle_TCB.3
                0x20001530      0x1a0 CMakeFiles/Dust_HeroRobotChassis.elf.dir/Middlewares/Third_Party/FreeRTOS/Source/CMSIS_RTOS_V2/cmsis_os2.c.obj
 .bss.KernelState
                0x200016d0        0x4 CMakeFiles/Dust_HeroRobotChassis.elf.dir/Middlewares/Third_Party/FreeRTOS/Source/CMSIS_RTOS_V2/cmsis_os2.c.obj
 .bss.ulMaxPRIGROUPValue
                0x200016d4        0x4 CMakeFiles/Dust_HeroRobotChassis.elf.dir/Middlewares/Third_Party/FreeRTOS/Source/portable/GCC/ARM_CM4F/port.c.obj
 .bss.ucMaxSysCallPriority
                0x200016d8        0x1 CMakeFiles/Dust_HeroRobotChassis.elf.dir/Middlewares/Third_Party/FreeRTOS/Source/portable/GCC/ARM_CM4F/port.c.obj
 *fill*         0x200016d9        0x3 
 .bss.xBlockAllocatedBit
                0x200016dc        0x4 CMakeFiles/Dust_HeroRobotChassis.elf.dir/Middlewares/Third_Party/FreeRTOS/Source/portable/MemMang/heap_4.c.obj
 .bss.xNumberOfSuccessfulFrees
                0x200016e0        0x4 CMakeFiles/Dust_HeroRobotChassis.elf.dir/Middlewares/Third_Party/FreeRTOS/Source/portable/MemMang/heap_4.c.obj
 .bss.xNumberOfSuccessfulAllocations
                0x200016e4        0x4 CMakeFiles/Dust_HeroRobotChassis.elf.dir/Middlewares/Third_Party/FreeRTOS/Source/portable/MemMang/heap_4.c.obj
 .bss.xMinimumEverFreeBytesRemaining
                0x200016e8        0x4 CMakeFiles/Dust_HeroRobotChassis.elf.dir/Middlewares/Third_Party/FreeRTOS/Source/portable/MemMang/heap_4.c.obj
 .bss.xFreeBytesRemaining
                0x200016ec        0x4 CMakeFiles/Dust_HeroRobotChassis.elf.dir/Middlewares/Third_Party/FreeRTOS/Source/portable/MemMang/heap_4.c.obj
 .bss.pxEnd     0x200016f0        0x4 CMakeFiles/Dust_HeroRobotChassis.elf.dir/Middlewares/Third_Party/FreeRTOS/Source/portable/MemMang/heap_4.c.obj
 .bss.xStart    0x200016f4        0x8 CMakeFiles/Dust_HeroRobotChassis.elf.dir/Middlewares/Third_Party/FreeRTOS/Source/portable/MemMang/heap_4.c.obj
 .bss.ucHeap    0x200016fc     0x3c00 CMakeFiles/Dust_HeroRobotChassis.elf.dir/Middlewares/Third_Party/FreeRTOS/Source/portable/MemMang/heap_4.c.obj
 .bss.xQueueRegistry
                0x200052fc       0x40 CMakeFiles/Dust_HeroRobotChassis.elf.dir/Middlewares/Third_Party/FreeRTOS/Source/queue.c.obj
                0x200052fc                xQueueRegistry
 .bss.uxSchedulerSuspended
                0x2000533c        0x4 CMakeFiles/Dust_HeroRobotChassis.elf.dir/Middlewares/Third_Party/FreeRTOS/Source/tasks.c.obj
 .bss.xIdleTaskHandle
                0x20005340        0x4 CMakeFiles/Dust_HeroRobotChassis.elf.dir/Middlewares/Third_Party/FreeRTOS/Source/tasks.c.obj
 .bss.xNextTaskUnblockTime
                0x20005344        0x4 CMakeFiles/Dust_HeroRobotChassis.elf.dir/Middlewares/Third_Party/FreeRTOS/Source/tasks.c.obj
 .bss.uxTaskNumber
                0x20005348        0x4 CMakeFiles/Dust_HeroRobotChassis.elf.dir/Middlewares/Third_Party/FreeRTOS/Source/tasks.c.obj
 .bss.xNumOfOverflows
                0x2000534c        0x4 CMakeFiles/Dust_HeroRobotChassis.elf.dir/Middlewares/Third_Party/FreeRTOS/Source/tasks.c.obj
 .bss.xYieldPending
                0x20005350        0x4 CMakeFiles/Dust_HeroRobotChassis.elf.dir/Middlewares/Third_Party/FreeRTOS/Source/tasks.c.obj
 .bss.xPendedTicks
                0x20005354        0x4 CMakeFiles/Dust_HeroRobotChassis.elf.dir/Middlewares/Third_Party/FreeRTOS/Source/tasks.c.obj
 .bss.xSchedulerRunning
                0x20005358        0x4 CMakeFiles/Dust_HeroRobotChassis.elf.dir/Middlewares/Third_Party/FreeRTOS/Source/tasks.c.obj
 .bss.uxTopReadyPriority
                0x2000535c        0x4 CMakeFiles/Dust_HeroRobotChassis.elf.dir/Middlewares/Third_Party/FreeRTOS/Source/tasks.c.obj
 .bss.xTickCount
                0x20005360        0x4 CMakeFiles/Dust_HeroRobotChassis.elf.dir/Middlewares/Third_Party/FreeRTOS/Source/tasks.c.obj
 .bss.uxCurrentNumberOfTasks
                0x20005364        0x4 CMakeFiles/Dust_HeroRobotChassis.elf.dir/Middlewares/Third_Party/FreeRTOS/Source/tasks.c.obj
 .bss.xSuspendedTaskList
                0x20005368       0x14 CMakeFiles/Dust_HeroRobotChassis.elf.dir/Middlewares/Third_Party/FreeRTOS/Source/tasks.c.obj
 .bss.uxDeletedTasksWaitingCleanUp
                0x2000537c        0x4 CMakeFiles/Dust_HeroRobotChassis.elf.dir/Middlewares/Third_Party/FreeRTOS/Source/tasks.c.obj
 .bss.xTasksWaitingTermination
                0x20005380       0x14 CMakeFiles/Dust_HeroRobotChassis.elf.dir/Middlewares/Third_Party/FreeRTOS/Source/tasks.c.obj
 .bss.xPendingReadyList
                0x20005394       0x14 CMakeFiles/Dust_HeroRobotChassis.elf.dir/Middlewares/Third_Party/FreeRTOS/Source/tasks.c.obj
 .bss.pxOverflowDelayedTaskList
                0x200053a8        0x4 CMakeFiles/Dust_HeroRobotChassis.elf.dir/Middlewares/Third_Party/FreeRTOS/Source/tasks.c.obj
 .bss.pxDelayedTaskList
                0x200053ac        0x4 CMakeFiles/Dust_HeroRobotChassis.elf.dir/Middlewares/Third_Party/FreeRTOS/Source/tasks.c.obj
 .bss.xDelayedTaskList2
                0x200053b0       0x14 CMakeFiles/Dust_HeroRobotChassis.elf.dir/Middlewares/Third_Party/FreeRTOS/Source/tasks.c.obj
 .bss.xDelayedTaskList1
                0x200053c4       0x14 CMakeFiles/Dust_HeroRobotChassis.elf.dir/Middlewares/Third_Party/FreeRTOS/Source/tasks.c.obj
 .bss.pxReadyTasksLists
                0x200053d8      0x460 CMakeFiles/Dust_HeroRobotChassis.elf.dir/Middlewares/Third_Party/FreeRTOS/Source/tasks.c.obj
 .bss.pxCurrentTCB
                0x20005838        0x4 CMakeFiles/Dust_HeroRobotChassis.elf.dir/Middlewares/Third_Party/FreeRTOS/Source/tasks.c.obj
                0x20005838                pxCurrentTCB
 .bss.xStaticTimerQueue.0
                0x2000583c       0x50 CMakeFiles/Dust_HeroRobotChassis.elf.dir/Middlewares/Third_Party/FreeRTOS/Source/timers.c.obj
 .bss.ucStaticTimerQueueStorage.1
                0x2000588c       0xa0 CMakeFiles/Dust_HeroRobotChassis.elf.dir/Middlewares/Third_Party/FreeRTOS/Source/timers.c.obj
 .bss.xLastTime.2
                0x2000592c        0x4 CMakeFiles/Dust_HeroRobotChassis.elf.dir/Middlewares/Third_Party/FreeRTOS/Source/timers.c.obj
 .bss.xTimerTaskHandle
                0x20005930        0x4 CMakeFiles/Dust_HeroRobotChassis.elf.dir/Middlewares/Third_Party/FreeRTOS/Source/timers.c.obj
 .bss.xTimerQueue
                0x20005934        0x4 CMakeFiles/Dust_HeroRobotChassis.elf.dir/Middlewares/Third_Party/FreeRTOS/Source/timers.c.obj
 .bss.pxOverflowTimerList
                0x20005938        0x4 CMakeFiles/Dust_HeroRobotChassis.elf.dir/Middlewares/Third_Party/FreeRTOS/Source/timers.c.obj
 .bss.pxCurrentTimerList
                0x2000593c        0x4 CMakeFiles/Dust_HeroRobotChassis.elf.dir/Middlewares/Third_Party/FreeRTOS/Source/timers.c.obj
 .bss.xActiveTimerList2
                0x20005940       0x14 CMakeFiles/Dust_HeroRobotChassis.elf.dir/Middlewares/Third_Party/FreeRTOS/Source/timers.c.obj
 .bss.xActiveTimerList1
                0x20005954       0x14 CMakeFiles/Dust_HeroRobotChassis.elf.dir/Middlewares/Third_Party/FreeRTOS/Source/timers.c.obj
 .bss.__sf      0x20005968      0x138 C:/PROGRA~1/Path/GCC-AR~1/bin/../lib/gcc/arm-none-eabi/14.2.1/thumb/v7e-m+fp/hard\libg.a(libc_a-findfp.o)
                0x20005968                __sf
 .bss.errno     0x20005aa0        0x4 C:/PROGRA~1/Path/GCC-AR~1/bin/../lib/gcc/arm-none-eabi/14.2.1/thumb/v7e-m+fp/hard\libg.a(libc_a-reent.o)
                0x20005aa0                errno
 .bss.__lock___malloc_recursive_mutex
                0x20005aa4        0x1 C:/PROGRA~1/Path/GCC-AR~1/bin/../lib/gcc/arm-none-eabi/14.2.1/thumb/v7e-m+fp/hard\libg.a(libc_a-lock.o)
                0x20005aa4                __lock___malloc_recursive_mutex
 *fill*         0x20005aa5        0x3 
 .bss.__lock___atexit_recursive_mutex
                0x20005aa8        0x1 C:/PROGRA~1/Path/GCC-AR~1/bin/../lib/gcc/arm-none-eabi/14.2.1/thumb/v7e-m+fp/hard\libg.a(libc_a-lock.o)
                0x20005aa8                __lock___atexit_recursive_mutex
 *fill*         0x20005aa9        0x3 
 .bss.__atexit  0x20005aac        0x4 C:/PROGRA~1/Path/GCC-AR~1/bin/../lib/gcc/arm-none-eabi/14.2.1/thumb/v7e-m+fp/hard\libg.a(libc_a-__call_atexit.o)
                0x20005aac                __atexit
 .bss.__malloc_current_mallinfo
                0x20005ab0       0x28 C:/PROGRA~1/Path/GCC-AR~1/bin/../lib/gcc/arm-none-eabi/14.2.1/thumb/v7e-m+fp/hard\libg.a(libc_a-mallocr.o)
                0x20005ab0                __malloc_current_mallinfo
 .bss.__malloc_top_pad
                0x20005ad8        0x4 C:/PROGRA~1/Path/GCC-AR~1/bin/../lib/gcc/arm-none-eabi/14.2.1/thumb/v7e-m+fp/hard\libg.a(libc_a-mallocr.o)
                0x20005ad8                __malloc_top_pad
 .bss.__atexit0
                0x20005adc      0x190 C:/PROGRA~1/Path/GCC-AR~1/bin/../lib/gcc/arm-none-eabi/14.2.1/thumb/v7e-m+fp/hard\libg.a(libc_a-__atexit.o)
                0x20005adc                __atexit0
 *(COMMON)
                0x20005c6c                        . = ALIGN (0x4)
                0x20005c6c                        _ebss = .
                0x20005c6c                        __bss_end__ = _ebss

._user_heap_stack
                0x20005c6c      0x604
                0x20005c70                        . = ALIGN (0x8)
 *fill*         0x20005c6c        0x4 
                [!provide]                        PROVIDE (end = .)
                0x20005c70                        PROVIDE (_end = .)
                0x20005e70                        . = (. + _Min_Heap_Size)
 *fill*         0x20005c70      0x200 
                0x20006270                        . = (. + _Min_Stack_Size)
 *fill*         0x20005e70      0x400 
                0x20006270                        . = ALIGN (0x8)

/DISCARD/
 libc.a(*)
 libm.a(*)
 libgcc.a(*)

.ARM.attributes
                0x00000000       0x30
 *(.ARM.attributes)
 .ARM.attributes
                0x00000000       0x22 C:/PROGRA~1/Path/GCC-AR~1/bin/../lib/gcc/arm-none-eabi/14.2.1/thumb/v7e-m+fp/hard/crti.o
 .ARM.attributes
                0x00000022       0x34 C:/PROGRA~1/Path/GCC-AR~1/bin/../lib/gcc/arm-none-eabi/14.2.1/thumb/v7e-m+fp/hard/crtbegin.o
 .ARM.attributes
                0x00000056       0x34 CMakeFiles/Dust_HeroRobotChassis.elf.dir/Core/Src/can.c.obj
 .ARM.attributes
                0x0000008a       0x34 CMakeFiles/Dust_HeroRobotChassis.elf.dir/Core/Src/dma.c.obj
 .ARM.attributes
                0x000000be       0x34 CMakeFiles/Dust_HeroRobotChassis.elf.dir/Core/Src/freertos.c.obj
 .ARM.attributes
                0x000000f2       0x34 CMakeFiles/Dust_HeroRobotChassis.elf.dir/Core/Src/gpio.c.obj
 .ARM.attributes
                0x00000126       0x34 CMakeFiles/Dust_HeroRobotChassis.elf.dir/Core/Src/main.c.obj
 .ARM.attributes
                0x0000015a       0x34 CMakeFiles/Dust_HeroRobotChassis.elf.dir/Core/Src/spi.c.obj
 .ARM.attributes
                0x0000018e       0x34 CMakeFiles/Dust_HeroRobotChassis.elf.dir/Core/Src/stm32f4xx_hal_msp.c.obj
 .ARM.attributes
                0x000001c2       0x34 CMakeFiles/Dust_HeroRobotChassis.elf.dir/Core/Src/stm32f4xx_hal_timebase_tim.c.obj
 .ARM.attributes
                0x000001f6       0x34 CMakeFiles/Dust_HeroRobotChassis.elf.dir/Core/Src/stm32f4xx_it.c.obj
 .ARM.attributes
                0x0000022a       0x34 CMakeFiles/Dust_HeroRobotChassis.elf.dir/Core/Src/sysmem.c.obj
 .ARM.attributes
                0x0000025e       0x34 CMakeFiles/Dust_HeroRobotChassis.elf.dir/Core/Src/system_stm32f4xx.c.obj
 .ARM.attributes
                0x00000292       0x21 CMakeFiles/Dust_HeroRobotChassis.elf.dir/Core/startup_stm32f427iihx.s.obj
 .ARM.attributes
                0x000002b3       0x34 CMakeFiles/Dust_HeroRobotChassis.elf.dir/Drivers/STM32F4xx_HAL_Driver/Src/stm32f4xx_hal.c.obj
 .ARM.attributes
                0x000002e7       0x34 CMakeFiles/Dust_HeroRobotChassis.elf.dir/Drivers/STM32F4xx_HAL_Driver/Src/stm32f4xx_hal_can.c.obj
 .ARM.attributes
                0x0000031b       0x34 CMakeFiles/Dust_HeroRobotChassis.elf.dir/Drivers/STM32F4xx_HAL_Driver/Src/stm32f4xx_hal_cortex.c.obj
 .ARM.attributes
                0x0000034f       0x34 CMakeFiles/Dust_HeroRobotChassis.elf.dir/Drivers/STM32F4xx_HAL_Driver/Src/stm32f4xx_hal_dma.c.obj
 .ARM.attributes
                0x00000383       0x34 CMakeFiles/Dust_HeroRobotChassis.elf.dir/Drivers/STM32F4xx_HAL_Driver/Src/stm32f4xx_hal_gpio.c.obj
 .ARM.attributes
                0x000003b7       0x34 CMakeFiles/Dust_HeroRobotChassis.elf.dir/Drivers/STM32F4xx_HAL_Driver/Src/stm32f4xx_hal_rcc.c.obj
 .ARM.attributes
                0x000003eb       0x34 CMakeFiles/Dust_HeroRobotChassis.elf.dir/Drivers/STM32F4xx_HAL_Driver/Src/stm32f4xx_hal_spi.c.obj
 .ARM.attributes
                0x0000041f       0x34 CMakeFiles/Dust_HeroRobotChassis.elf.dir/Drivers/STM32F4xx_HAL_Driver/Src/stm32f4xx_hal_tim.c.obj
 .ARM.attributes
                0x00000453       0x34 CMakeFiles/Dust_HeroRobotChassis.elf.dir/Drivers/STM32F4xx_HAL_Driver/Src/stm32f4xx_hal_tim_ex.c.obj
 .ARM.attributes
                0x00000487       0x34 CMakeFiles/Dust_HeroRobotChassis.elf.dir/Interaction/Init.cpp.obj
 .ARM.attributes
                0x000004bb       0x34 CMakeFiles/Dust_HeroRobotChassis.elf.dir/Middlewares/Third_Party/FreeRTOS/Source/CMSIS_RTOS_V2/cmsis_os2.c.obj
 .ARM.attributes
                0x000004ef       0x34 CMakeFiles/Dust_HeroRobotChassis.elf.dir/Middlewares/Third_Party/FreeRTOS/Source/list.c.obj
 .ARM.attributes
                0x00000523       0x34 CMakeFiles/Dust_HeroRobotChassis.elf.dir/Middlewares/Third_Party/FreeRTOS/Source/portable/GCC/ARM_CM4F/port.c.obj
 .ARM.attributes
                0x00000557       0x34 CMakeFiles/Dust_HeroRobotChassis.elf.dir/Middlewares/Third_Party/FreeRTOS/Source/portable/MemMang/heap_4.c.obj
 .ARM.attributes
                0x0000058b       0x34 CMakeFiles/Dust_HeroRobotChassis.elf.dir/Middlewares/Third_Party/FreeRTOS/Source/queue.c.obj
 .ARM.attributes
                0x000005bf       0x34 CMakeFiles/Dust_HeroRobotChassis.elf.dir/Middlewares/Third_Party/FreeRTOS/Source/tasks.c.obj
 .ARM.attributes
                0x000005f3       0x34 CMakeFiles/Dust_HeroRobotChassis.elf.dir/Middlewares/Third_Party/FreeRTOS/Source/timers.c.obj
 .ARM.attributes
                0x00000627       0x22 C:/PROGRA~1/Path/GCC-AR~1/bin/../lib/gcc/arm-none-eabi/14.2.1/thumb/v7e-m+fp/hard\libgcc.a(_aeabi_uldivmod.o)
 .ARM.attributes
                0x00000649       0x34 C:/PROGRA~1/Path/GCC-AR~1/bin/../lib/gcc/arm-none-eabi/14.2.1/thumb/v7e-m+fp/hard\libgcc.a(_udivmoddi4.o)
 .ARM.attributes
                0x0000067d       0x22 C:/PROGRA~1/Path/GCC-AR~1/bin/../lib/gcc/arm-none-eabi/14.2.1/thumb/v7e-m+fp/hard\libgcc.a(_dvmd_tls.o)
 .ARM.attributes
                0x0000069f       0x34 C:/PROGRA~1/Path/GCC-AR~1/bin/../lib/gcc/arm-none-eabi/14.2.1/thumb/v7e-m+fp/hard\libg.a(libc_a-findfp.o)
 .ARM.attributes
                0x000006d3       0x34 C:/PROGRA~1/Path/GCC-AR~1/bin/../lib/gcc/arm-none-eabi/14.2.1/thumb/v7e-m+fp/hard\libg.a(libc_a-memset.o)
 .ARM.attributes
                0x00000707       0x34 C:/PROGRA~1/Path/GCC-AR~1/bin/../lib/gcc/arm-none-eabi/14.2.1/thumb/v7e-m+fp/hard\libg.a(libc_a-reent.o)
 .ARM.attributes
                0x0000073b       0x34 C:/PROGRA~1/Path/GCC-AR~1/bin/../lib/gcc/arm-none-eabi/14.2.1/thumb/v7e-m+fp/hard\libg.a(libc_a-impure.o)
 .ARM.attributes
                0x0000076f       0x34 C:/PROGRA~1/Path/GCC-AR~1/bin/../lib/gcc/arm-none-eabi/14.2.1/thumb/v7e-m+fp/hard\libg.a(libc_a-errno.o)
 .ARM.attributes
                0x000007a3       0x34 C:/PROGRA~1/Path/GCC-AR~1/bin/../lib/gcc/arm-none-eabi/14.2.1/thumb/v7e-m+fp/hard\libg.a(libc_a-init.o)
 .ARM.attributes
                0x000007d7       0x34 C:/PROGRA~1/Path/GCC-AR~1/bin/../lib/gcc/arm-none-eabi/14.2.1/thumb/v7e-m+fp/hard\libg.a(libc_a-lock.o)
 .ARM.attributes
                0x0000080b       0x20 C:/PROGRA~1/Path/GCC-AR~1/bin/../lib/gcc/arm-none-eabi/14.2.1/thumb/v7e-m+fp/hard\libg.a(libc_a-memcpy.o)
 .ARM.attributes
                0x0000082b       0x34 C:/PROGRA~1/Path/GCC-AR~1/bin/../lib/gcc/arm-none-eabi/14.2.1/thumb/v7e-m+fp/hard\libg.a(libc_a-__call_atexit.o)
 .ARM.attributes
                0x0000085f       0x34 C:/PROGRA~1/Path/GCC-AR~1/bin/../lib/gcc/arm-none-eabi/14.2.1/thumb/v7e-m+fp/hard\libg.a(libc_a-atexit.o)
 .ARM.attributes
                0x00000893       0x34 C:/PROGRA~1/Path/GCC-AR~1/bin/../lib/gcc/arm-none-eabi/14.2.1/thumb/v7e-m+fp/hard\libg.a(libc_a-freer.o)
 .ARM.attributes
                0x000008c7       0x34 C:/PROGRA~1/Path/GCC-AR~1/bin/../lib/gcc/arm-none-eabi/14.2.1/thumb/v7e-m+fp/hard\libg.a(libc_a-mallocr.o)
 .ARM.attributes
                0x000008fb       0x34 C:/PROGRA~1/Path/GCC-AR~1/bin/../lib/gcc/arm-none-eabi/14.2.1/thumb/v7e-m+fp/hard\libg.a(libc_a-mlock.o)
 .ARM.attributes
                0x0000092f       0x34 C:/PROGRA~1/Path/GCC-AR~1/bin/../lib/gcc/arm-none-eabi/14.2.1/thumb/v7e-m+fp/hard\libg.a(libc_a-sbrkr.o)
 .ARM.attributes
                0x00000963       0x34 C:/PROGRA~1/Path/GCC-AR~1/bin/../lib/gcc/arm-none-eabi/14.2.1/thumb/v7e-m+fp/hard\libg.a(libc_a-fini.o)
 .ARM.attributes
                0x00000997       0x34 C:/PROGRA~1/Path/GCC-AR~1/bin/../lib/gcc/arm-none-eabi/14.2.1/thumb/v7e-m+fp/hard\libg.a(libc_a-sysconf.o)
 .ARM.attributes
                0x000009cb       0x34 C:/PROGRA~1/Path/GCC-AR~1/bin/../lib/gcc/arm-none-eabi/14.2.1/thumb/v7e-m+fp/hard\libg.a(libc_a-__atexit.o)
 .ARM.attributes
                0x000009ff       0x34 C:/PROGRA~1/Path/GCC-AR~1/bin/../lib/gcc/arm-none-eabi/14.2.1/thumb/v7e-m+fp/hard/crtend.o
 .ARM.attributes
                0x00000a33       0x22 C:/PROGRA~1/Path/GCC-AR~1/bin/../lib/gcc/arm-none-eabi/14.2.1/thumb/v7e-m+fp/hard/crtn.o
OUTPUT(Dust_HeroRobotChassis.elf elf32-littlearm)
LOAD linker stubs
LOAD C:/PROGRA~1/Path/GCC-AR~1/bin/../lib/gcc/arm-none-eabi/14.2.1/thumb/v7e-m+fp/hard\libc.a
LOAD C:/PROGRA~1/Path/GCC-AR~1/bin/../lib/gcc/arm-none-eabi/14.2.1/thumb/v7e-m+fp/hard\libm.a
LOAD C:/PROGRA~1/Path/GCC-AR~1/bin/../lib/gcc/arm-none-eabi/14.2.1/thumb/v7e-m+fp/hard\libgcc.a

.debug_info     0x00000000    0x238cb
 .debug_info    0x00000000      0x9aa CMakeFiles/Dust_HeroRobotChassis.elf.dir/Core/Src/can.c.obj
 .debug_info    0x000009aa      0x51b CMakeFiles/Dust_HeroRobotChassis.elf.dir/Core/Src/dma.c.obj
 .debug_info    0x00000ec5      0x3bf CMakeFiles/Dust_HeroRobotChassis.elf.dir/Core/Src/freertos.c.obj
 .debug_info    0x00001284      0x471 CMakeFiles/Dust_HeroRobotChassis.elf.dir/Core/Src/gpio.c.obj
 .debug_info    0x000016f5      0xc38 CMakeFiles/Dust_HeroRobotChassis.elf.dir/Core/Src/main.c.obj
 .debug_info    0x0000232d      0xd62 CMakeFiles/Dust_HeroRobotChassis.elf.dir/Core/Src/spi.c.obj
 .debug_info    0x0000308f      0x513 CMakeFiles/Dust_HeroRobotChassis.elf.dir/Core/Src/stm32f4xx_hal_msp.c.obj
 .debug_info    0x000035a2      0xcd6 CMakeFiles/Dust_HeroRobotChassis.elf.dir/Core/Src/stm32f4xx_hal_timebase_tim.c.obj
 .debug_info    0x00004278      0x9e0 CMakeFiles/Dust_HeroRobotChassis.elf.dir/Core/Src/stm32f4xx_it.c.obj
 .debug_info    0x00004c58      0x171 CMakeFiles/Dust_HeroRobotChassis.elf.dir/Core/Src/sysmem.c.obj
 .debug_info    0x00004dc9      0x543 CMakeFiles/Dust_HeroRobotChassis.elf.dir/Core/Src/system_stm32f4xx.c.obj
 .debug_info    0x0000530c       0x30 CMakeFiles/Dust_HeroRobotChassis.elf.dir/Core/startup_stm32f427iihx.s.obj
 .debug_info    0x0000533c      0xa4c CMakeFiles/Dust_HeroRobotChassis.elf.dir/Drivers/STM32F4xx_HAL_Driver/Src/stm32f4xx_hal.c.obj
 .debug_info    0x00005d88     0x11ed CMakeFiles/Dust_HeroRobotChassis.elf.dir/Drivers/STM32F4xx_HAL_Driver/Src/stm32f4xx_hal_can.c.obj
 .debug_info    0x00006f75     0x101f CMakeFiles/Dust_HeroRobotChassis.elf.dir/Drivers/STM32F4xx_HAL_Driver/Src/stm32f4xx_hal_cortex.c.obj
 .debug_info    0x00007f94      0xad9 CMakeFiles/Dust_HeroRobotChassis.elf.dir/Drivers/STM32F4xx_HAL_Driver/Src/stm32f4xx_hal_dma.c.obj
 .debug_info    0x00008a6d      0x71c CMakeFiles/Dust_HeroRobotChassis.elf.dir/Drivers/STM32F4xx_HAL_Driver/Src/stm32f4xx_hal_gpio.c.obj
 .debug_info    0x00009189      0xa99 CMakeFiles/Dust_HeroRobotChassis.elf.dir/Drivers/STM32F4xx_HAL_Driver/Src/stm32f4xx_hal_rcc.c.obj
 .debug_info    0x00009c22     0x1ccc CMakeFiles/Dust_HeroRobotChassis.elf.dir/Drivers/STM32F4xx_HAL_Driver/Src/stm32f4xx_hal_spi.c.obj
 .debug_info    0x0000b8ee     0x3c53 CMakeFiles/Dust_HeroRobotChassis.elf.dir/Drivers/STM32F4xx_HAL_Driver/Src/stm32f4xx_hal_tim.c.obj
 .debug_info    0x0000f541     0x1ade CMakeFiles/Dust_HeroRobotChassis.elf.dir/Drivers/STM32F4xx_HAL_Driver/Src/stm32f4xx_hal_tim_ex.c.obj
 .debug_info    0x0001101f     0x443c CMakeFiles/Dust_HeroRobotChassis.elf.dir/Interaction/Init.cpp.obj
 .debug_info    0x0001545b     0x5532 CMakeFiles/Dust_HeroRobotChassis.elf.dir/Middlewares/Third_Party/FreeRTOS/Source/CMSIS_RTOS_V2/cmsis_os2.c.obj
 .debug_info    0x0001a98d      0x2bf CMakeFiles/Dust_HeroRobotChassis.elf.dir/Middlewares/Third_Party/FreeRTOS/Source/list.c.obj
 .debug_info    0x0001ac4c      0x55a CMakeFiles/Dust_HeroRobotChassis.elf.dir/Middlewares/Third_Party/FreeRTOS/Source/portable/GCC/ARM_CM4F/port.c.obj
 .debug_info    0x0001b1a6      0x593 CMakeFiles/Dust_HeroRobotChassis.elf.dir/Middlewares/Third_Party/FreeRTOS/Source/portable/MemMang/heap_4.c.obj
 .debug_info    0x0001b739     0x27a8 CMakeFiles/Dust_HeroRobotChassis.elf.dir/Middlewares/Third_Party/FreeRTOS/Source/queue.c.obj
 .debug_info    0x0001dee1     0x37d5 CMakeFiles/Dust_HeroRobotChassis.elf.dir/Middlewares/Third_Party/FreeRTOS/Source/tasks.c.obj
 .debug_info    0x000216b6     0x2215 CMakeFiles/Dust_HeroRobotChassis.elf.dir/Middlewares/Third_Party/FreeRTOS/Source/timers.c.obj

.debug_abbrev   0x00000000     0x4652
 .debug_abbrev  0x00000000      0x222 CMakeFiles/Dust_HeroRobotChassis.elf.dir/Core/Src/can.c.obj
 .debug_abbrev  0x00000222      0x12b CMakeFiles/Dust_HeroRobotChassis.elf.dir/Core/Src/dma.c.obj
 .debug_abbrev  0x0000034d      0x13f CMakeFiles/Dust_HeroRobotChassis.elf.dir/Core/Src/freertos.c.obj
 .debug_abbrev  0x0000048c      0x164 CMakeFiles/Dust_HeroRobotChassis.elf.dir/Core/Src/gpio.c.obj
 .debug_abbrev  0x000005f0      0x25f CMakeFiles/Dust_HeroRobotChassis.elf.dir/Core/Src/main.c.obj
 .debug_abbrev  0x0000084f      0x24b CMakeFiles/Dust_HeroRobotChassis.elf.dir/Core/Src/spi.c.obj
 .debug_abbrev  0x00000a9a      0x120 CMakeFiles/Dust_HeroRobotChassis.elf.dir/Core/Src/stm32f4xx_hal_msp.c.obj
 .debug_abbrev  0x00000bba      0x232 CMakeFiles/Dust_HeroRobotChassis.elf.dir/Core/Src/stm32f4xx_hal_timebase_tim.c.obj
 .debug_abbrev  0x00000dec      0x1a3 CMakeFiles/Dust_HeroRobotChassis.elf.dir/Core/Src/stm32f4xx_it.c.obj
 .debug_abbrev  0x00000f8f       0xea CMakeFiles/Dust_HeroRobotChassis.elf.dir/Core/Src/sysmem.c.obj
 .debug_abbrev  0x00001079      0x11e CMakeFiles/Dust_HeroRobotChassis.elf.dir/Core/Src/system_stm32f4xx.c.obj
 .debug_abbrev  0x00001197       0x24 CMakeFiles/Dust_HeroRobotChassis.elf.dir/Core/startup_stm32f427iihx.s.obj
 .debug_abbrev  0x000011bb      0x240 CMakeFiles/Dust_HeroRobotChassis.elf.dir/Drivers/STM32F4xx_HAL_Driver/Src/stm32f4xx_hal.c.obj
 .debug_abbrev  0x000013fb      0x28e CMakeFiles/Dust_HeroRobotChassis.elf.dir/Drivers/STM32F4xx_HAL_Driver/Src/stm32f4xx_hal_can.c.obj
 .debug_abbrev  0x00001689      0x391 CMakeFiles/Dust_HeroRobotChassis.elf.dir/Drivers/STM32F4xx_HAL_Driver/Src/stm32f4xx_hal_cortex.c.obj
 .debug_abbrev  0x00001a1a      0x2c0 CMakeFiles/Dust_HeroRobotChassis.elf.dir/Drivers/STM32F4xx_HAL_Driver/Src/stm32f4xx_hal_dma.c.obj
 .debug_abbrev  0x00001cda      0x202 CMakeFiles/Dust_HeroRobotChassis.elf.dir/Drivers/STM32F4xx_HAL_Driver/Src/stm32f4xx_hal_gpio.c.obj
 .debug_abbrev  0x00001edc      0x2c7 CMakeFiles/Dust_HeroRobotChassis.elf.dir/Drivers/STM32F4xx_HAL_Driver/Src/stm32f4xx_hal_rcc.c.obj
 .debug_abbrev  0x000021a3      0x272 CMakeFiles/Dust_HeroRobotChassis.elf.dir/Drivers/STM32F4xx_HAL_Driver/Src/stm32f4xx_hal_spi.c.obj
 .debug_abbrev  0x00002415      0x271 CMakeFiles/Dust_HeroRobotChassis.elf.dir/Drivers/STM32F4xx_HAL_Driver/Src/stm32f4xx_hal_tim.c.obj
 .debug_abbrev  0x00002686      0x26f CMakeFiles/Dust_HeroRobotChassis.elf.dir/Drivers/STM32F4xx_HAL_Driver/Src/stm32f4xx_hal_tim_ex.c.obj
 .debug_abbrev  0x000028f5      0x538 CMakeFiles/Dust_HeroRobotChassis.elf.dir/Interaction/Init.cpp.obj
 .debug_abbrev  0x00002e2d      0x615 CMakeFiles/Dust_HeroRobotChassis.elf.dir/Middlewares/Third_Party/FreeRTOS/Source/CMSIS_RTOS_V2/cmsis_os2.c.obj
 .debug_abbrev  0x00003442      0x10a CMakeFiles/Dust_HeroRobotChassis.elf.dir/Middlewares/Third_Party/FreeRTOS/Source/list.c.obj
 .debug_abbrev  0x0000354c      0x293 CMakeFiles/Dust_HeroRobotChassis.elf.dir/Middlewares/Third_Party/FreeRTOS/Source/portable/GCC/ARM_CM4F/port.c.obj
 .debug_abbrev  0x000037df      0x263 CMakeFiles/Dust_HeroRobotChassis.elf.dir/Middlewares/Third_Party/FreeRTOS/Source/portable/MemMang/heap_4.c.obj
 .debug_abbrev  0x00003a42      0x3ea CMakeFiles/Dust_HeroRobotChassis.elf.dir/Middlewares/Third_Party/FreeRTOS/Source/queue.c.obj
 .debug_abbrev  0x00003e2c      0x45f CMakeFiles/Dust_HeroRobotChassis.elf.dir/Middlewares/Third_Party/FreeRTOS/Source/tasks.c.obj
 .debug_abbrev  0x0000428b      0x3c7 CMakeFiles/Dust_HeroRobotChassis.elf.dir/Middlewares/Third_Party/FreeRTOS/Source/timers.c.obj

.debug_loclists
                0x00000000     0xf612
 .debug_loclists
                0x00000000       0xae CMakeFiles/Dust_HeroRobotChassis.elf.dir/Core/Src/can.c.obj
 .debug_loclists
                0x000000ae       0x29 CMakeFiles/Dust_HeroRobotChassis.elf.dir/Core/Src/freertos.c.obj
 .debug_loclists
                0x000000d7       0x40 CMakeFiles/Dust_HeroRobotChassis.elf.dir/Core/Src/main.c.obj
 .debug_loclists
                0x00000117       0x5e CMakeFiles/Dust_HeroRobotChassis.elf.dir/Core/Src/spi.c.obj
 .debug_loclists
                0x00000175       0xa7 CMakeFiles/Dust_HeroRobotChassis.elf.dir/Core/Src/stm32f4xx_hal_timebase_tim.c.obj
 .debug_loclists
                0x0000021c       0x52 CMakeFiles/Dust_HeroRobotChassis.elf.dir/Core/Src/sysmem.c.obj
 .debug_loclists
                0x0000026e       0x70 CMakeFiles/Dust_HeroRobotChassis.elf.dir/Core/Src/system_stm32f4xx.c.obj
 .debug_loclists
                0x000002de       0xe1 CMakeFiles/Dust_HeroRobotChassis.elf.dir/Drivers/STM32F4xx_HAL_Driver/Src/stm32f4xx_hal.c.obj
 .debug_loclists
                0x000003bf      0xa25 CMakeFiles/Dust_HeroRobotChassis.elf.dir/Drivers/STM32F4xx_HAL_Driver/Src/stm32f4xx_hal_can.c.obj
 .debug_loclists
                0x00000de4      0x54d CMakeFiles/Dust_HeroRobotChassis.elf.dir/Drivers/STM32F4xx_HAL_Driver/Src/stm32f4xx_hal_cortex.c.obj
 .debug_loclists
                0x00001331      0x88a CMakeFiles/Dust_HeroRobotChassis.elf.dir/Drivers/STM32F4xx_HAL_Driver/Src/stm32f4xx_hal_dma.c.obj
 .debug_loclists
                0x00001bbb      0x386 CMakeFiles/Dust_HeroRobotChassis.elf.dir/Drivers/STM32F4xx_HAL_Driver/Src/stm32f4xx_hal_gpio.c.obj
 .debug_loclists
                0x00001f41      0x3db CMakeFiles/Dust_HeroRobotChassis.elf.dir/Drivers/STM32F4xx_HAL_Driver/Src/stm32f4xx_hal_rcc.c.obj
 .debug_loclists
                0x0000231c     0x14b9 CMakeFiles/Dust_HeroRobotChassis.elf.dir/Drivers/STM32F4xx_HAL_Driver/Src/stm32f4xx_hal_spi.c.obj
 .debug_loclists
                0x000037d5     0x37c1 CMakeFiles/Dust_HeroRobotChassis.elf.dir/Drivers/STM32F4xx_HAL_Driver/Src/stm32f4xx_hal_tim.c.obj
 .debug_loclists
                0x00006f96     0x1402 CMakeFiles/Dust_HeroRobotChassis.elf.dir/Drivers/STM32F4xx_HAL_Driver/Src/stm32f4xx_hal_tim_ex.c.obj
 .debug_loclists
                0x00008398      0x16b CMakeFiles/Dust_HeroRobotChassis.elf.dir/Interaction/Init.cpp.obj
 .debug_loclists
                0x00008503     0x38ec CMakeFiles/Dust_HeroRobotChassis.elf.dir/Middlewares/Third_Party/FreeRTOS/Source/CMSIS_RTOS_V2/cmsis_os2.c.obj
 .debug_loclists
                0x0000bdef       0x75 CMakeFiles/Dust_HeroRobotChassis.elf.dir/Middlewares/Third_Party/FreeRTOS/Source/list.c.obj
 .debug_loclists
                0x0000be64       0xc1 CMakeFiles/Dust_HeroRobotChassis.elf.dir/Middlewares/Third_Party/FreeRTOS/Source/portable/GCC/ARM_CM4F/port.c.obj
 .debug_loclists
                0x0000bf25      0x2b7 CMakeFiles/Dust_HeroRobotChassis.elf.dir/Middlewares/Third_Party/FreeRTOS/Source/portable/MemMang/heap_4.c.obj
 .debug_loclists
                0x0000c1dc     0x1140 CMakeFiles/Dust_HeroRobotChassis.elf.dir/Middlewares/Third_Party/FreeRTOS/Source/queue.c.obj
 .debug_loclists
                0x0000d31c     0x1745 CMakeFiles/Dust_HeroRobotChassis.elf.dir/Middlewares/Third_Party/FreeRTOS/Source/tasks.c.obj
 .debug_loclists
                0x0000ea61      0xbb1 CMakeFiles/Dust_HeroRobotChassis.elf.dir/Middlewares/Third_Party/FreeRTOS/Source/timers.c.obj

.debug_aranges  0x00000000     0x1650
 .debug_aranges
                0x00000000       0x38 CMakeFiles/Dust_HeroRobotChassis.elf.dir/Core/Src/can.c.obj
 .debug_aranges
                0x00000038       0x20 CMakeFiles/Dust_HeroRobotChassis.elf.dir/Core/Src/dma.c.obj
 .debug_aranges
                0x00000058       0x28 CMakeFiles/Dust_HeroRobotChassis.elf.dir/Core/Src/freertos.c.obj
 .debug_aranges
                0x00000080       0x20 CMakeFiles/Dust_HeroRobotChassis.elf.dir/Core/Src/gpio.c.obj
 .debug_aranges
                0x000000a0       0x38 CMakeFiles/Dust_HeroRobotChassis.elf.dir/Core/Src/main.c.obj
 .debug_aranges
                0x000000d8       0x30 CMakeFiles/Dust_HeroRobotChassis.elf.dir/Core/Src/spi.c.obj
 .debug_aranges
                0x00000108       0x20 CMakeFiles/Dust_HeroRobotChassis.elf.dir/Core/Src/stm32f4xx_hal_msp.c.obj
 .debug_aranges
                0x00000128       0x30 CMakeFiles/Dust_HeroRobotChassis.elf.dir/Core/Src/stm32f4xx_hal_timebase_tim.c.obj
 .debug_aranges
                0x00000158       0x60 CMakeFiles/Dust_HeroRobotChassis.elf.dir/Core/Src/stm32f4xx_it.c.obj
 .debug_aranges
                0x000001b8       0x20 CMakeFiles/Dust_HeroRobotChassis.elf.dir/Core/Src/sysmem.c.obj
 .debug_aranges
                0x000001d8       0x28 CMakeFiles/Dust_HeroRobotChassis.elf.dir/Core/Src/system_stm32f4xx.c.obj
 .debug_aranges
                0x00000200       0x28 CMakeFiles/Dust_HeroRobotChassis.elf.dir/Core/startup_stm32f427iihx.s.obj
 .debug_aranges
                0x00000228      0x100 CMakeFiles/Dust_HeroRobotChassis.elf.dir/Drivers/STM32F4xx_HAL_Driver/Src/stm32f4xx_hal.c.obj
 .debug_aranges
                0x00000328      0x138 CMakeFiles/Dust_HeroRobotChassis.elf.dir/Drivers/STM32F4xx_HAL_Driver/Src/stm32f4xx_hal_can.c.obj
 .debug_aranges
                0x00000460       0xf8 CMakeFiles/Dust_HeroRobotChassis.elf.dir/Drivers/STM32F4xx_HAL_Driver/Src/stm32f4xx_hal_cortex.c.obj
 .debug_aranges
                0x00000558       0x90 CMakeFiles/Dust_HeroRobotChassis.elf.dir/Drivers/STM32F4xx_HAL_Driver/Src/stm32f4xx_hal_dma.c.obj
 .debug_aranges
                0x000005e8       0x58 CMakeFiles/Dust_HeroRobotChassis.elf.dir/Drivers/STM32F4xx_HAL_Driver/Src/stm32f4xx_hal_gpio.c.obj
 .debug_aranges
                0x00000640       0x88 CMakeFiles/Dust_HeroRobotChassis.elf.dir/Drivers/STM32F4xx_HAL_Driver/Src/stm32f4xx_hal_rcc.c.obj
 .debug_aranges
                0x000006c8      0x1d0 CMakeFiles/Dust_HeroRobotChassis.elf.dir/Drivers/STM32F4xx_HAL_Driver/Src/stm32f4xx_hal_spi.c.obj
 .debug_aranges
                0x00000898      0x3d0 CMakeFiles/Dust_HeroRobotChassis.elf.dir/Drivers/STM32F4xx_HAL_Driver/Src/stm32f4xx_hal_tim.c.obj
 .debug_aranges
                0x00000c68      0x168 CMakeFiles/Dust_HeroRobotChassis.elf.dir/Drivers/STM32F4xx_HAL_Driver/Src/stm32f4xx_hal_tim_ex.c.obj
 .debug_aranges
                0x00000dd0       0x78 CMakeFiles/Dust_HeroRobotChassis.elf.dir/Interaction/Init.cpp.obj
 .debug_aranges